Archive member included to satisfy reference by file (symbol)

/usr/local/Cellar/avr-gcc/8.1.0/lib/avr-gcc/8/gcc/avr/8.1.0/avr5/libgcc.a(_udivmodsi4.o)
                              CMakeFiles/Neotronica.elf.dir/apps/Neotronica/main.cpp.o (__udivmodsi4)
/usr/local/Cellar/avr-gcc/8.1.0/lib/avr-gcc/8/gcc/avr/8.1.0/avr5/libgcc.a(_exit.o)
                              /usr/local/Cellar/avr-gcc/8.1.0/lib/avr-gcc/8/gcc/avr/8.1.0/../../../../../../avr/lib/avr5/crtatmega328p.o (exit)
/usr/local/Cellar/avr-gcc/8.1.0/lib/avr-gcc/8/gcc/avr/8.1.0/avr5/libgcc.a(_tablejump2.o)
                              CMakeFiles/Neotronica.elf.dir/apps/Neotronica/main.cpp.o (__tablejump2__)
/usr/local/Cellar/avr-gcc/8.1.0/lib/avr-gcc/8/gcc/avr/8.1.0/avr5/libgcc.a(_copy_data.o)
                              CMakeFiles/Neotronica.elf.dir/apps/Neotronica/main.cpp.o (__do_copy_data)
/usr/local/Cellar/avr-gcc/8.1.0/lib/avr-gcc/8/gcc/avr/8.1.0/avr5/libgcc.a(_clear_bss.o)
                              CMakeFiles/Neotronica.elf.dir/apps/Neotronica/main.cpp.o (__do_clear_bss)
/usr/local/Cellar/avr-gcc/8.1.0/lib/avr-gcc/8/gcc/avr/8.1.0/avr5/libgcc.a(_ctors.o)
                              CMakeFiles/Neotronica.elf.dir/apps/Neotronica/main.cpp.o (__do_global_ctors)
/usr/local/Cellar/avr-gcc/8.1.0/lib/avr-gcc/8/gcc/avr/8.1.0/avr5/libgcc.a(_umulhisi3.o)
                              CMakeFiles/Neotronica.elf.dir/apps/Neotronica/main.cpp.o (__umulhisi3)
/usr/local/Cellar/avr-gcc/8.1.0/lib/avr-gcc/8/gcc/avr/8.1.0/avr5/libgcc.a(_adddi3_s8.o)
                              CMakeFiles/Neotronica.elf.dir/apps/Neotronica/main.cpp.o (__adddi3_s8)
/usr/local/Cellar/avr-gcc/8.1.0/lib/avr-gcc/8/gcc/avr/8.1.0/avr5/libgcc.a(_cmpdi2_s8.o)
                              CMakeFiles/Neotronica.elf.dir/apps/Neotronica/main.cpp.o (__cmpdi2_s8)
/usr/local/Cellar/avr-gcc/8.1.0/lib/avr-gcc/8/gcc/avr/8.1.0/../../../../../../avr/lib/avr5/libc.a(memset.o)
                              CMakeFiles/Neotronica.elf.dir/apps/Neotronica/main.cpp.o (memset)

Discarded input sections

 .data          0x0000000000000000        0x0 /usr/local/Cellar/avr-gcc/8.1.0/lib/avr-gcc/8/gcc/avr/8.1.0/../../../../../../avr/lib/avr5/crtatmega328p.o
 .bss           0x0000000000000000        0x0 /usr/local/Cellar/avr-gcc/8.1.0/lib/avr-gcc/8/gcc/avr/8.1.0/../../../../../../avr/lib/avr5/crtatmega328p.o
 .debug_abbrev  0x0000000000000000      0x5a2 /usr/local/Cellar/avr-gcc/8.1.0/lib/avr-gcc/8/gcc/avr/8.1.0/../../../../../../avr/lib/avr5/crtatmega328p.o
 .debug_info    0x0000000000000000      0x5f4 /usr/local/Cellar/avr-gcc/8.1.0/lib/avr-gcc/8/gcc/avr/8.1.0/../../../../../../avr/lib/avr5/crtatmega328p.o
 .debug_line    0x0000000000000000       0x1d /usr/local/Cellar/avr-gcc/8.1.0/lib/avr-gcc/8/gcc/avr/8.1.0/../../../../../../avr/lib/avr5/crtatmega328p.o
 .debug_str     0x0000000000000000      0x208 /usr/local/Cellar/avr-gcc/8.1.0/lib/avr-gcc/8/gcc/avr/8.1.0/../../../../../../avr/lib/avr5/crtatmega328p.o
 .group         0x0000000000000000        0xc CMakeFiles/Neotronica.elf.dir/apps/Neotronica/main.cpp.o
 .group         0x0000000000000000        0xc CMakeFiles/Neotronica.elf.dir/apps/Neotronica/main.cpp.o
 .group         0x0000000000000000        0x8 CMakeFiles/Neotronica.elf.dir/apps/Neotronica/main.cpp.o
 .group         0x0000000000000000        0x8 CMakeFiles/Neotronica.elf.dir/apps/Neotronica/main.cpp.o
 .group         0x0000000000000000        0x8 CMakeFiles/Neotronica.elf.dir/apps/Neotronica/main.cpp.o
 .group         0x0000000000000000        0x8 CMakeFiles/Neotronica.elf.dir/apps/Neotronica/main.cpp.o
 .group         0x0000000000000000        0x8 CMakeFiles/Neotronica.elf.dir/apps/Neotronica/main.cpp.o
 .group         0x0000000000000000        0x8 CMakeFiles/Neotronica.elf.dir/apps/Neotronica/main.cpp.o
 .group         0x0000000000000000        0xc CMakeFiles/Neotronica.elf.dir/apps/Neotronica/main.cpp.o
 .group         0x0000000000000000        0xc CMakeFiles/Neotronica.elf.dir/apps/Neotronica/main.cpp.o
 .group         0x0000000000000000        0xc CMakeFiles/Neotronica.elf.dir/apps/Neotronica/main.cpp.o
 .group         0x0000000000000000        0xc CMakeFiles/Neotronica.elf.dir/apps/Neotronica/main.cpp.o
 .group         0x0000000000000000        0xc CMakeFiles/Neotronica.elf.dir/apps/Neotronica/main.cpp.o
 .group         0x0000000000000000        0xc CMakeFiles/Neotronica.elf.dir/apps/Neotronica/main.cpp.o
 .group         0x0000000000000000        0xc CMakeFiles/Neotronica.elf.dir/apps/Neotronica/main.cpp.o
 .group         0x0000000000000000        0xc CMakeFiles/Neotronica.elf.dir/apps/Neotronica/main.cpp.o
 .group         0x0000000000000000        0xc CMakeFiles/Neotronica.elf.dir/apps/Neotronica/main.cpp.o
 .group         0x0000000000000000        0xc CMakeFiles/Neotronica.elf.dir/apps/Neotronica/main.cpp.o
 .group         0x0000000000000000        0xc CMakeFiles/Neotronica.elf.dir/apps/Neotronica/main.cpp.o
[...]
Memory Configuration

Name             Origin             Length             Attributes
text             0x0000000000000000 0x0000000000020000 xr
data             0x0000000000800060 0x000000000000ffa0 rw !x
eeprom           0x0000000000810000 0x0000000000010000 rw !x
fuse             0x0000000000820000 0x0000000000000400 rw !x
lock             0x0000000000830000 0x0000000000000400 rw !x
signature        0x0000000000840000 0x0000000000000400 rw !x
user_signatures  0x0000000000850000 0x0000000000000400 rw !x
*default*        0x0000000000000000 0xffffffffffffffff

Linker script and memory map

Address of section .data set to 0x800100
LOAD /usr/local/Cellar/avr-gcc/8.1.0/lib/avr-gcc/8/gcc/avr/8.1.0/../../../../../../avr/lib/avr5/crtatmega328p.o
LOAD CMakeFiles/Neotronica.elf.dir/apps/Neotronica/main.cpp.o
LOAD /usr/local/Cellar/avr-gcc/8.1.0/lib/avr-gcc/8/gcc/avr/8.1.0/avr5/libgcc.a
LOAD /usr/local/Cellar/avr-gcc/8.1.0/lib/avr-gcc/8/gcc/avr/8.1.0/../../../../../../avr/lib/avr5/libm.a
START GROUP
LOAD /usr/local/Cellar/avr-gcc/8.1.0/lib/avr-gcc/8/gcc/avr/8.1.0/avr5/libgcc.a
LOAD /usr/local/Cellar/avr-gcc/8.1.0/lib/avr-gcc/8/gcc/avr/8.1.0/../../../../../../avr/lib/avr5/libm.a
LOAD /usr/local/Cellar/avr-gcc/8.1.0/lib/avr-gcc/8/gcc/avr/8.1.0/../../../../../../avr/lib/avr5/libc.a
LOAD /usr/local/Cellar/avr-gcc/8.1.0/lib/avr-gcc/8/gcc/avr/8.1.0/../../../../../../avr/lib/avr5/libatmega328p.a
END GROUP
                0x0000000000020000                __TEXT_REGION_LENGTH__ = DEFINED (__TEXT_REGION_LENGTH__)?__TEXT_REGION_LENGTH__:0x20000
                0x000000000000ffa0                __DATA_REGION_LENGTH__ = DEFINED (__DATA_REGION_LENGTH__)?__DATA_REGION_LENGTH__:0xffa0
                0x0000000000010000                __EEPROM_REGION_LENGTH__ = DEFINED (__EEPROM_REGION_LENGTH__)?__EEPROM_REGION_LENGTH__:0x10000
                0x0000000000000400                __FUSE_REGION_LENGTH__ = DEFINED (__FUSE_REGION_LENGTH__)?__FUSE_REGION_LENGTH__:0x400
                0x0000000000000400                __LOCK_REGION_LENGTH__ = DEFINED (__LOCK_REGION_LENGTH__)?__LOCK_REGION_LENGTH__:0x400
                0x0000000000000400                __SIGNATURE_REGION_LENGTH__ = DEFINED (__SIGNATURE_REGION_LENGTH__)?__SIGNATURE_REGION_LENGTH__:0x400
                0x0000000000000400                __USER_SIGNATURE_REGION_LENGTH__ = DEFINED (__USER_SIGNATURE_REGION_LENGTH__)?__USER_SIGNATURE_REGION_LENGTH__:0x400

.hash
 *(.hash)

.dynsym
 *(.dynsym)

.dynstr
 *(.dynstr)

.gnu.version
 *(.gnu.version)

.gnu.version_d
 *(.gnu.version_d)

.gnu.version_r
 *(.gnu.version_r)

.rel.init
 *(.rel.init)

.rela.init
 *(.rela.init)

.rel.text
 *(.rel.text)
 *(.rel.text.*)
 *(.rel.gnu.linkonce.t*)

.rela.text
 *(.rela.text)
 *(.rela.text.*)
 *(.rela.gnu.linkonce.t*)

.rel.fini
 *(.rel.fini)

.rela.fini
 *(.rela.fini)

.rel.rodata
 *(.rel.rodata)
 *(.rel.rodata.*)
 *(.rel.gnu.linkonce.r*)

.rela.rodata
 *(.rela.rodata)
 *(.rela.rodata.*)
 *(.rela.gnu.linkonce.r*)

.rel.data
 *(.rel.data)
 *(.rel.data.*)
 *(.rel.gnu.linkonce.d*)

.rela.data
 *(.rela.data)
 *(.rela.data.*)
 *(.rela.gnu.linkonce.d*)

.rel.ctors
 *(.rel.ctors)

.rela.ctors
 *(.rela.ctors)

.rel.dtors
 *(.rel.dtors)

.rela.dtors
 *(.rela.dtors)

.rel.got
 *(.rel.got)

.rela.got
 *(.rela.got)

.rel.bss
 *(.rel.bss)

.rela.bss
 *(.rela.bss)

.rel.plt
 *(.rel.plt)

.rela.plt
 *(.rela.plt)

.text           0x0000000000000000     0x516a
 *(.vectors)
 .vectors       0x0000000000000000       0x68 /usr/local/Cellar/avr-gcc/8.1.0/lib/avr-gcc/8/gcc/avr/8.1.0/../../../../../../avr/lib/avr5/crtatmega328p.o
                0x0000000000000000                __vectors
                0x0000000000000000                __vector_default
 *(.vectors)
 *(.progmem.gcc*)
                0x0000000000000068                . = ALIGN (0x2)
                0x0000000000000068                __trampolines_start = .
 *(.trampolines)
 .trampolines   0x0000000000000068        0x0 linker stubs
 *(.trampolines*)
                0x0000000000000068                __trampolines_end = .
 *libprintf_flt.a:*(.progmem.data)
 *libc.a:*(.progmem.data)
 *(.progmem.*)
                0x0000000000000068                . = ALIGN (0x2)
 *(.lowtext)
 *(.lowtext*)
                0x0000000000000068                __ctors_start = .
 *(.ctors)
 .ctors         0x0000000000000068        0x2 CMakeFiles/Neotronica.elf.dir/apps/Neotronica/main.cpp.o
                0x000000000000006a                __ctors_end = .
                0x000000000000006a                __dtors_start = .
 *(.dtors)
                0x000000000000006a                __dtors_end = .
 SORT_BY_NAME(*)(.ctors)
 SORT_BY_NAME(*)(.dtors)
 *(.init0)
 .init0         0x000000000000006a        0x0 /usr/local/Cellar/avr-gcc/8.1.0/lib/avr-gcc/8/gcc/avr/8.1.0/../../../../../../avr/lib/avr5/crtatmega328p.o
                0x000000000000006a                __init
 *(.init0)
 *(.init1)
 *(.init1)
 *(.init2)
 .init2         0x000000000000006a        0xc /usr/local/Cellar/avr-gcc/8.1.0/lib/avr-gcc/8/gcc/avr/8.1.0/../../../../../../avr/lib/avr5/crtatmega328p.o
 *(.init2)
 *(.init3)
 *(.init3)
 *(.init4)
 .init4         0x0000000000000076       0x16 /usr/local/Cellar/avr-gcc/8.1.0/lib/avr-gcc/8/gcc/avr/8.1.0/avr5/libgcc.a(_copy_data.o)
                0x0000000000000076                __do_copy_data
 .init4         0x000000000000008c       0x10 /usr/local/Cellar/avr-gcc/8.1.0/lib/avr-gcc/8/gcc/avr/8.1.0/avr5/libgcc.a(_clear_bss.o)
                0x000000000000008c                __do_clear_bss
 *(.init4)
 *(.init5)
 *(.init5)
 *(.init6)
 .init6         0x000000000000009c       0x16 /usr/local/Cellar/avr-gcc/8.1.0/lib/avr-gcc/8/gcc/avr/8.1.0/avr5/libgcc.a(_ctors.o)
                0x000000000000009c                __do_global_ctors
 *(.init6)
 *(.init7)
 *(.init7)
 *(.init8)
 *(.init8)
 *(.init9)
 .init9         0x00000000000000b2        0x8 /usr/local/Cellar/avr-gcc/8.1.0/lib/avr-gcc/8/gcc/avr/8.1.0/../../../../../../avr/lib/avr5/crtatmega328p.o
 *(.init9)
 *(.text)
 .text          0x00000000000000ba        0x2 /usr/local/Cellar/avr-gcc/8.1.0/lib/avr-gcc/8/gcc/avr/8.1.0/../../../../../../avr/lib/avr5/crtatmega328p.o
                0x00000000000000ba                __vector_20
                0x00000000000000ba                __vector_1
                0x00000000000000ba                __vector_12
                0x00000000000000ba                __bad_interrupt
                0x00000000000000ba                __vector_6
                0x00000000000000ba                __vector_3
                0x00000000000000ba                __vector_23
                0x00000000000000ba                __vector_25
                0x00000000000000ba                __vector_11
                0x00000000000000ba                __vector_17
                0x00000000000000ba                __vector_5
                0x00000000000000ba                __vector_4
                0x00000000000000ba                __vector_9
                0x00000000000000ba                __vector_2
                0x00000000000000ba                __vector_21
                0x00000000000000ba                __vector_15
                0x00000000000000ba                __vector_8
                0x00000000000000ba                __vector_14
                0x00000000000000ba                __vector_10
                0x00000000000000ba                __vector_22
                0x00000000000000bc                . = ALIGN (0x2)
 *(.text.*)
 .text._ZN6MCURDK5Utils10InterruptsC2Eb
                0x00000000000000bc       0x3c CMakeFiles/Neotronica.elf.dir/apps/Neotronica/main.cpp.o
                0x00000000000000bc                MCURDK::Utils::Interrupts::Interrupts(bool)
                0x00000000000000bc                MCURDK::Utils::Interrupts::Interrupts(bool)
 .text._ZN6MCURDK5Utils10InterruptsD2Ev
                0x00000000000000f8       0x2a CMakeFiles/Neotronica.elf.dir/apps/Neotronica/main.cpp.o
                0x00000000000000f8                MCURDK::Utils::Interrupts::~Interrupts()
                0x00000000000000f8                MCURDK::Utils::Interrupts::~Interrupts()
 .text._ZN6MCURDK5Utils10Interrupts3offEv
                0x0000000000000122       0x12 CMakeFiles/Neotronica.elf.dir/apps/Neotronica/main.cpp.o
                0x0000000000000122                MCURDK::Utils::Interrupts::off()
 .text._ZN6MCURDK5Utils10Interrupts2onEv
                0x0000000000000134       0x12 CMakeFiles/Neotronica.elf.dir/apps/Neotronica/main.cpp.o
                0x0000000000000134                MCURDK::Utils::Interrupts::on()
 .text._ZN6MCURDK5Utils15NoopCyclesDepthILy1ELy1EE5placeEv
                0x0000000000000146       0x12 CMakeFiles/Neotronica.elf.dir/apps/Neotronica/main.cpp.o
                0x0000000000000146                MCURDK::Utils::NoopCyclesDepth<1ull, 1ull>::place()
 .text._ZN6MCURDK5Utils15NoopCyclesDepthILy3ELy1EE5placeEv
                0x0000000000000158       0x12 CMakeFiles/Neotronica.elf.dir/apps/Neotronica/main.cpp.o
                0x0000000000000158                MCURDK::Utils::NoopCyclesDepth<3ull, 1ull>::place()
 .text._ZN6MCURDK5Utils15NoopCyclesDepthILy6ELy1EE5placeEv
                0x000000000000016a       0x14 CMakeFiles/Neotronica.elf.dir/apps/Neotronica/main.cpp.o
                0x000000000000016a                MCURDK::Utils::NoopCyclesDepth<6ull, 1ull>::place()
 .text._ZN6MCURDK5Utils15NoopCyclesDepthILy9ELy1EE5placeEv
                0x000000000000017e       0x16 CMakeFiles/Neotronica.elf.dir/apps/Neotronica/main.cpp.o
                0x000000000000017e                MCURDK::Utils::NoopCyclesDepth<9ull, 1ull>::place()
 .text._ZN6MCURDK4Arch8AtmelAVR9I2CStreamC2EPv
                0x0000000000000194       0x4e CMakeFiles/Neotronica.elf.dir/apps/Neotronica/main.cpp.o
                0x0000000000000194                MCURDK::Arch::AtmelAVR::I2CStream::I2CStream(void*)
                0x0000000000000194                MCURDK::Arch::AtmelAVR::I2CStream::I2CStream(void*)
 .text._ZN6MCURDK4Arch8AtmelAVR9I2CStream5writeEh
                0x00000000000001e2       0x44 CMakeFiles/Neotronica.elf.dir/apps/Neotronica/main.cpp.o
                0x00000000000001e2                MCURDK::Arch::AtmelAVR::I2CStream::write(unsigned char)
 .text._ZN6MCURDK4Arch8AtmelAVR9I2CStream4readEhj
                0x0000000000000226       0x5a CMakeFiles/Neotronica.elf.dir/apps/Neotronica/main.cpp.o
                0x0000000000000226                MCURDK::Arch::AtmelAVR::I2CStream::read(unsigned char, unsigned int)
 .text._ZNK6MCURDK4Arch8AtmelAVR9I2CStream7addressEv
                0x0000000000000280       0x20 CMakeFiles/Neotronica.elf.dir/apps/Neotronica/main.cpp.o
                0x0000000000000280                MCURDK::Arch::AtmelAVR::I2CStream::address() const
 .text._ZNK6MCURDK4Arch8AtmelAVR9I2CStream4nextEv
                0x00000000000002a0       0x38 CMakeFiles/Neotronica.elf.dir/apps/Neotronica/main.cpp.o
                0x00000000000002a0                MCURDK::Arch::AtmelAVR::I2CStream::next() const
 .text._ZN6MCURDK4Arch8AtmelAVR9I2CStream7dequeueEv
                0x00000000000002d8       0x44 CMakeFiles/Neotronica.elf.dir/apps/Neotronica/main.cpp.o
                0x00000000000002d8                MCURDK::Arch::AtmelAVR::I2CStream::dequeue()
 .text._ZN6MCURDK4Arch8AtmelAVR9I2CStream5valueEh
                0x000000000000031c       0x50 CMakeFiles/Neotronica.elf.dir/apps/Neotronica/main.cpp.o
                0x000000000000031c                MCURDK::Arch::AtmelAVR::I2CStream::value(unsigned char)
 .text._ZN6MCURDK4Arch8AtmelAVR9I2CStream7enqueueEh
                0x000000000000036c       0x50 CMakeFiles/Neotronica.elf.dir/apps/Neotronica/main.cpp.o
                0x000000000000036c                MCURDK::Arch::AtmelAVR::I2CStream::enqueue(unsigned char)
 .text._ZN6MCURDK2IO11NewLineCRLFclERh
                0x00000000000003bc       0x58 CMakeFiles/Neotronica.elf.dir/apps/Neotronica/main.cpp.o
                0x00000000000003bc                MCURDK::IO::NewLineCRLF::operator()(unsigned char&)
 .text._ZN6MCURDK2IO18StopEscapeSequenceclERh
                0x0000000000000414       0x98 CMakeFiles/Neotronica.elf.dir/apps/Neotronica/main.cpp.o
                0x0000000000000414                MCURDK::IO::StopEscapeSequence::operator()(unsigned char&)
 .text._ZN6MCURDK2IO13BufferFunctorC2EPKvj
                0x00000000000004ac       0x4a CMakeFiles/Neotronica.elf.dir/apps/Neotronica/main.cpp.o
                0x00000000000004ac                MCURDK::IO::BufferFunctor::BufferFunctor(void const*, unsigned int)
                0x00000000000004ac                MCURDK::IO::BufferFunctor::BufferFunctor(void const*, unsigned int)
 .text._ZN6MCURDK2IO13BufferFunctorclERh
                0x00000000000004f6       0x76 CMakeFiles/Neotronica.elf.dir/apps/Neotronica/main.cpp.o
                0x00000000000004f6                MCURDK::IO::BufferFunctor::operator()(unsigned char&)
 .text._ZN6MCURDK2IO13StringFunctorC2EPKv
                0x000000000000056c       0x32 CMakeFiles/Neotronica.elf.dir/apps/Neotronica/main.cpp.o
                0x000000000000056c                MCURDK::IO::StringFunctor::StringFunctor(void const*)
                0x000000000000056c                MCURDK::IO::StringFunctor::StringFunctor(void const*)
 .text._ZN6MCURDK2IO13StringFunctorclERh
                0x000000000000059e       0x5e CMakeFiles/Neotronica.elf.dir/apps/Neotronica/main.cpp.o
                0x000000000000059e                MCURDK::IO::StringFunctor::operator()(unsigned char&)
 .text._ZN6MCURDK2IO18ButtonStateMachineC2Ejj
                0x00000000000005fc       0x4a CMakeFiles/Neotronica.elf.dir/apps/Neotronica/main.cpp.o
                0x00000000000005fc                MCURDK::IO::ButtonStateMachine::ButtonStateMachine(unsigned int, unsigned int)
                0x00000000000005fc                MCURDK::IO::ButtonStateMachine::ButtonStateMachine(unsigned int, unsigned int)
 .text._ZN6MCURDK2IO16TriggerConditionILNS0_11TriggerModeE0EE7matchedENS0_16SignalTransitionE
                0x0000000000000646       0x26 CMakeFiles/Neotronica.elf.dir/apps/Neotronica/main.cpp.o
                0x0000000000000646                MCURDK::IO::TriggerCondition<(MCURDK::IO::TriggerMode)0>::matched(MCURDK::IO::SignalTransition)
 .text._ZN6MCURDK2IO16TriggerConditionILNS0_11TriggerModeE1EE7matchedENS0_16SignalTransitionE
                0x000000000000066c       0x26 CMakeFiles/Neotronica.elf.dir/apps/Neotronica/main.cpp.o
                0x000000000000066c                MCURDK::IO::TriggerCondition<(MCURDK::IO::TriggerMode)1>::matched(MCURDK::IO::SignalTransition)
 .text._ZN6MCURDK2IO16IRRemoteReceiverINS_4GPIO9PeriphPinINS2_3PinINS_4Arch8AtmelAVR4PortILj38EEELh2EEENS_6Periph9ConfigA2DILh2ELh1ELh0ELm0EEENS2_5NoPWMEEELm25EmEC2Ev
                0x0000000000000692       0x22 CMakeFiles/Neotronica.elf.dir/apps/Neotronica/main.cpp.o
                0x0000000000000692                MCURDK::IO::IRRemoteReceiver<MCURDK::GPIO::PeriphPin<MCURDK::GPIO::Pin<MCURDK::Arch::AtmelAVR::Port<38u>, (unsigned char)2>, MCURDK::Periph::ConfigA2D<(unsigned char)2, (unsigned char)1, (unsigned char)0, 0ul>, MCURDK::GPIO::NoPWM>, 25ul, unsigned long>::IRRemoteReceiver()
                0x0000000000000692                MCURDK::IO::IRRemoteReceiver<MCURDK::GPIO::PeriphPin<MCURDK::GPIO::Pin<MCURDK::Arch::AtmelAVR::Port<38u>, (unsigned char)2>, MCURDK::Periph::ConfigA2D<(unsigned char)2, (unsigned char)1, (unsigned char)0, 0ul>, MCURDK::GPIO::NoPWM>, 25ul, unsigned long>::IRRemoteReceiver()
 .text._ZN6MCURDK5Utils15FunctionTimeoutINS0_19MillisecondsCounterIVmXadL_Z13timer0_millisEEEELj16EaEC2Ev
                0x00000000000006b4       0x20 CMakeFiles/Neotronica.elf.dir/apps/Neotronica/main.cpp.o
                0x00000000000006b4                MCURDK::Utils::FunctionTimeout<MCURDK::Utils::MillisecondsCounter<unsigned long volatile, &timer0_millis>, 16u, signed char>::FunctionTimeout()
                0x00000000000006b4                MCURDK::Utils::FunctionTimeout<MCURDK::Utils::MillisecondsCounter<unsigned long volatile, &timer0_millis>, 16u, signed char>::FunctionTimeout()
 .text._Z16displayDayOfWeekv
                0x00000000000006d4       0xcc CMakeFiles/Neotronica.elf.dir/apps/Neotronica/main.cpp.o
                0x00000000000006d4                displayDayOfWeek()
 .text._Z13fetchDateTimea
                0x00000000000007a0       0x42 CMakeFiles/Neotronica.elf.dir/apps/Neotronica/main.cpp.o
                0x00000000000007a0                fetchDateTime(signed char)
 .text._Z10fillMatrixRN6MCURDK2IC11MAX72xxDataILi4EEEPKh
                0x00000000000007e2       0x90 CMakeFiles/Neotronica.elf.dir/apps/Neotronica/main.cpp.o
                0x00000000000007e2                fillMatrix(MCURDK::IC::MAX72xxData<4>&, unsigned char const*)
 .text._Z10initializev
                0x0000000000000872      0x116 CMakeFiles/Neotronica.elf.dir/apps/Neotronica/main.cpp.o
                0x0000000000000872                initialize()
 .text._Z17powerOnOffHandlerN6MCURDK2IO11ButtonEventE
                0x0000000000000988       0x7a CMakeFiles/Neotronica.elf.dir/apps/Neotronica/main.cpp.o
                0x0000000000000988                powerOnOffHandler(MCURDK::IO::ButtonEvent)
 .text._Z18displayModeHandlerN6MCURDK2IO11ButtonEventE
                0x0000000000000a02       0x46 CMakeFiles/Neotronica.elf.dir/apps/Neotronica/main.cpp.o
                0x0000000000000a02                displayModeHandler(MCURDK::IO::ButtonEvent)
 .text._Z24increaseIntensityHandlerN6MCURDK2IO11ButtonEventE
                0x0000000000000a48       0x54 CMakeFiles/Neotronica.elf.dir/apps/Neotronica/main.cpp.o
                0x0000000000000a48                increaseIntensityHandler(MCURDK::IO::ButtonEvent)
 .text._Z24decreaseIntensityHandlerN6MCURDK2IO11ButtonEventE
                0x0000000000000a9c       0x54 CMakeFiles/Neotronica.elf.dir/apps/Neotronica/main.cpp.o
                0x0000000000000a9c                decreaseIntensityHandler(MCURDK::IO::ButtonEvent)
 .text._Z17buttonHandlerNoopN6MCURDK2IO11ButtonEventE
                0x0000000000000af0       0x16 CMakeFiles/Neotronica.elf.dir/apps/Neotronica/main.cpp.o
                0x0000000000000af0                buttonHandlerNoop(MCURDK::IO::ButtonEvent)
 .text._Z13handleButtonsv
                0x0000000000000b06       0x7c CMakeFiles/Neotronica.elf.dir/apps/Neotronica/main.cpp.o
                0x0000000000000b06                handleButtons()
 .text._Z10updateDotsb
                0x0000000000000b82       0xc2 CMakeFiles/Neotronica.elf.dir/apps/Neotronica/main.cpp.o
                0x0000000000000b82                updateDots(bool)
 .text._Z12scrollScreena
                0x0000000000000c44       0xa2 CMakeFiles/Neotronica.elf.dir/apps/Neotronica/main.cpp.o
                0x0000000000000c44                scrollScreen(signed char)
 .text._Z9splitDatajPh
                0x0000000000000ce6       0xa4 CMakeFiles/Neotronica.elf.dir/apps/Neotronica/main.cpp.o
                0x0000000000000ce6                splitData(unsigned int, unsigned char*)
 .text._Z11shiftScreena
                0x0000000000000d8a       0xa8 CMakeFiles/Neotronica.elf.dir/apps/Neotronica/main.cpp.o
                0x0000000000000d8a                shiftScreen(signed char)
 .text._Z21displayMinutesSecondsa
                0x0000000000000e32      0x158 CMakeFiles/Neotronica.elf.dir/apps/Neotronica/main.cpp.o
                0x0000000000000e32                displayMinutesSeconds(signed char)
 .text._Z19displayHoursMinutesa
                0x0000000000000f8a      0x168 CMakeFiles/Neotronica.elf.dir/apps/Neotronica/main.cpp.o
                0x0000000000000f8a                displayHoursMinutes(signed char)
 .text._Z8handleIRm
                0x00000000000010f2       0xe0 CMakeFiles/Neotronica.elf.dir/apps/Neotronica/main.cpp.o
                0x00000000000010f2                handleIR(unsigned long)
 .text.main     0x00000000000011d2       0x8c CMakeFiles/Neotronica.elf.dir/apps/Neotronica/main.cpp.o
                0x00000000000011d2                main
 .text.__vector_16
                0x000000000000125e       0x56 CMakeFiles/Neotronica.elf.dir/apps/Neotronica/main.cpp.o
                0x000000000000125e                __vector_16
 .text.__vector_13
                0x00000000000012b4       0x56 CMakeFiles/Neotronica.elf.dir/apps/Neotronica/main.cpp.o
                0x00000000000012b4                __vector_13
 .text.__vector_18
                0x000000000000130a       0x56 CMakeFiles/Neotronica.elf.dir/apps/Neotronica/main.cpp.o
                0x000000000000130a                __vector_18
 .text.__vector_19
                0x0000000000001360       0x56 CMakeFiles/Neotronica.elf.dir/apps/Neotronica/main.cpp.o
                0x0000000000001360                __vector_19
 .text.__vector_24
                0x00000000000013b6       0x56 CMakeFiles/Neotronica.elf.dir/apps/Neotronica/main.cpp.o
                0x00000000000013b6                __vector_24
 .text.__vector_7
                0x000000000000140c       0x5a CMakeFiles/Neotronica.elf.dir/apps/Neotronica/main.cpp.o
                0x000000000000140c                __vector_7
 .text._ZN6MCURDK5Utils5YieldILy1EE5yieldEv
                0x0000000000001466       0x2a CMakeFiles/Neotronica.elf.dir/apps/Neotronica/main.cpp.o
                0x0000000000001466                MCURDK::Utils::Yield<1ull>::yield()
 .text._ZN6MCURDK2IO14DigitalSamplerINS_4GPIO9PeriphPinINS2_3PinINS_4Arch8AtmelAVR4PortILj38EEELh2EEENS_6Periph9ConfigA2DILh2ELh1ELh0ELm0EEENS2_5NoPWMEEENS0_14SamlingTriggerIjLNS0_11TriggerModeE0ELj200EEENSF_IjLSG_1ELj400EEEEC2Ev
                0x0000000000001490       0x22 CMakeFiles/Neotronica.elf.dir/apps/Neotronica/main.cpp.o
                0x0000000000001490                MCURDK::IO::DigitalSampler<MCURDK::GPIO::PeriphPin<MCURDK::GPIO::Pin<MCURDK::Arch::AtmelAVR::Port<38u>, (unsigned char)2>, MCURDK::Periph::ConfigA2D<(unsigned char)2, (unsigned char)1, (unsigned char)0, 0ul>, MCURDK::GPIO::NoPWM>, MCURDK::IO::SamlingTrigger<unsigned int, (MCURDK::IO::TriggerMode)0, 200u>, MCURDK::IO::SamlingTrigger<unsigned int, (MCURDK::IO::TriggerMode)1, 400u> >::DigitalSampler()
                0x0000000000001490                MCURDK::IO::DigitalSampler<MCURDK::GPIO::PeriphPin<MCURDK::GPIO::Pin<MCURDK::Arch::AtmelAVR::Port<38u>, (unsigned char)2>, MCURDK::Periph::ConfigA2D<(unsigned char)2, (unsigned char)1, (unsigned char)0, 0ul>, MCURDK::GPIO::NoPWM>, MCURDK::IO::SamlingTrigger<unsigned int, (MCURDK::IO::TriggerMode)0, 200u>, MCURDK::IO::SamlingTrigger<unsigned int, (MCURDK::IO::TriggerMode)1, 400u> >::DigitalSampler()
 .text._ZN6MCURDK5Utils11BaseTimeoutINS0_19MillisecondsCounterIVmXadL_Z13timer0_millisEEEELj16EPFvaEaEC2Ev
                0x00000000000014b2       0x64 CMakeFiles/Neotronica.elf.dir/apps/Neotronica/main.cpp.o
                0x00000000000014b2                MCURDK::Utils::BaseTimeout<MCURDK::Utils::MillisecondsCounter<unsigned long volatile, &timer0_millis>, 16u, void (*)(signed char), signed char>::BaseTimeout()
                0x00000000000014b2                MCURDK::Utils::BaseTimeout<MCURDK::Utils::MillisecondsCounter<unsigned long volatile, &timer0_millis>, 16u, void (*)(signed char), signed char>::BaseTimeout()
 .text._ZN6MCURDK2IC11MAX72xxDataILi4EEC2Ev
                0x0000000000001516       0x1a CMakeFiles/Neotronica.elf.dir/apps/Neotronica/main.cpp.o
                0x0000000000001516                MCURDK::IC::MAX72xxData<4>::MAX72xxData()
                0x0000000000001516                MCURDK::IC::MAX72xxData<4>::MAX72xxData()
 .text._ZN6MCURDK2IC6DS3231INS_4Arch8AtmelAVR17HardwareMasterI2CILj184ELh32ENS_4GPIO9PeriphPinINS5_3PinINS3_4PortILj38EEELh4EEENS_6Periph9ConfigA2DILh4ELh1ELh0ELm0EEENS5_5NoPWMEEENS6_INS7_IS9_Lh5EEENSC_ILh5ELh1ELh0ELm0EEESE_EEEELh104EEixEh
                0x0000000000001530       0x2e CMakeFiles/Neotronica.elf.dir/apps/Neotronica/main.cpp.o
                0x0000000000001530                MCURDK::IC::DS3231<MCURDK::Arch::AtmelAVR::HardwareMasterI2C<184u, (unsigned char)32, MCURDK::GPIO::PeriphPin<MCURDK::GPIO::Pin<MCURDK::Arch::AtmelAVR::Port<38u>, (unsigned char)4>, MCURDK::Periph::ConfigA2D<(unsigned char)4, (unsigned char)1, (unsigned char)0, 0ul>, MCURDK::GPIO::NoPWM>, MCURDK::GPIO::PeriphPin<MCURDK::GPIO::Pin<MCURDK::Arch::AtmelAVR::Port<38u>, (unsigned char)5>, MCURDK::Periph::ConfigA2D<(unsigned char)5, (unsigned char)1, (unsigned char)0, 0ul>, MCURDK::GPIO::NoPWM> >, (unsigned char)104>::operator[](unsigned char)
 .text._ZN6MCURDK2IC6WS2812INS0_17TransmitterWS2812INS_4GPIO9PeriphPinINS3_3PinINS_4Arch8AtmelAVR4PortILj38EEELh1EEENS_6Periph9ConfigA2DILh1ELh1ELh0ELm0EEENS3_5NoPWMEEELm16000000ENS0_12TimingWS2812ELa2EEENS_5Utils5DelayINS_3MCU20ATmega_48_88_168_328ILm16000000EEENSI_19MillisecondsCounterIVmXadL_Z13timer0_millisEEEEEEE4sendI5PixelEEvPKT_i
                0x000000000000155e       0xac CMakeFiles/Neotronica.elf.dir/apps/Neotronica/main.cpp.o
                0x000000000000155e                void MCURDK::IC::WS2812<MCURDK::IC::TransmitterWS2812<MCURDK::GPIO::PeriphPin<MCURDK::GPIO::Pin<MCURDK::Arch::AtmelAVR::Port<38u>, (unsigned char)1>, MCURDK::Periph::ConfigA2D<(unsigned char)1, (unsigned char)1, (unsigned char)0, 0ul>, MCURDK::GPIO::NoPWM>, 16000000ul, MCURDK::IC::TimingWS2812, (signed char)2>, MCURDK::Utils::Delay<MCURDK::MCU::ATmega_48_88_168_328<16000000ul>, MCURDK::Utils::MillisecondsCounter<unsigned long volatile, &timer0_millis> > >::send<Pixel>(Pixel const*, int)
 .text._ZN6MCURDK2IC6DS3231INS_4Arch8AtmelAVR17HardwareMasterI2CILj184ELh32ENS_4GPIO9PeriphPinINS5_3PinINS3_4PortILj38EEELh4EEENS_6Periph9ConfigA2DILh4ELh1ELh0ELm0EEENS5_5NoPWMEEENS6_INS7_IS9_Lh5EEENSC_ILh5ELh1ELh0ELm0EEESE_EEEELh104EE5fetchEv
                0x000000000000160a       0x48 CMakeFiles/Neotronica.elf.dir/apps/Neotronica/main.cpp.o
                0x000000000000160a                MCURDK::IC::DS3231<MCURDK::Arch::AtmelAVR::HardwareMasterI2C<184u, (unsigned char)32, MCURDK::GPIO::PeriphPin<MCURDK::GPIO::Pin<MCURDK::Arch::AtmelAVR::Port<38u>, (unsigned char)4>, MCURDK::Periph::ConfigA2D<(unsigned char)4, (unsigned char)1, (unsigned char)0, 0ul>, MCURDK::GPIO::NoPWM>, MCURDK::GPIO::PeriphPin<MCURDK::GPIO::Pin<MCURDK::Arch::AtmelAVR::Port<38u>, (unsigned char)5>, MCURDK::Periph::ConfigA2D<(unsigned char)5, (unsigned char)1, (unsigned char)0, 0ul>, MCURDK::GPIO::NoPWM> >, (unsigned char)104>::fetch()
 .text._ZN6MCURDK5Utils11BaseTimeoutINS0_19MillisecondsCounterIVmXadL_Z13timer0_millisEEEELj16EPFvaEaE8scheduleIJS6_iEEEbmDpT_
                0x0000000000001652       0xbe CMakeFiles/Neotronica.elf.dir/apps/Neotronica/main.cpp.o
                0x0000000000001652                bool MCURDK::Utils::BaseTimeout<MCURDK::Utils::MillisecondsCounter<unsigned long volatile, &timer0_millis>, 16u, void (*)(signed char), signed char>::schedule<void (*)(signed char), int>(unsigned long, void (*)(signed char), int)
 .text._ZN6MCURDK2IC11MAX72xxDataILi4EE7setRowsEiPKy
                0x0000000000001710       0x3e CMakeFiles/Neotronica.elf.dir/apps/Neotronica/main.cpp.o
                0x0000000000001710                MCURDK::IC::MAX72xxData<4>::setRows(int, unsigned long long const*)
 .text._Z10shiftRightIhET_S0_hhRN6MCURDK2IC11MAX72xxDataILi4EEE
                0x000000000000174e       0x32 CMakeFiles/Neotronica.elf.dir/apps/Neotronica/main.cpp.o
                0x000000000000174e                unsigned char shiftRight<unsigned char>(unsigned char, unsigned char, unsigned char, MCURDK::IC::MAX72xxData<4>&)
 .text._ZN6MCURDK2IC11MAX72xxDataILi4EE12transformRowIPFhhhhRS2_EEEviT_
                0x0000000000001780       0xa8 CMakeFiles/Neotronica.elf.dir/apps/Neotronica/main.cpp.o
                0x0000000000001780                void MCURDK::IC::MAX72xxData<4>::transformRow<unsigned char (*)(unsigned char, unsigned char, unsigned char, MCURDK::IC::MAX72xxData<4>&)>(int, unsigned char (*)(unsigned char, unsigned char, unsigned char, MCURDK::IC::MAX72xxData<4>&))
 .text._ZN6MCURDK4Arch8AtmelAVR13HardwareUSARTILj192ELj32ELj8EE5beginINS_6Periph11USARTConfigILm16000000ELm115200ELNS5_13USARTDataBitsE3ELNS5_11USARTParityE0ELNS5_13USARTStopBitsE0EEEEEvv
                0x0000000000001828       0xd2 CMakeFiles/Neotronica.elf.dir/apps/Neotronica/main.cpp.o
                0x0000000000001828                void MCURDK::Arch::AtmelAVR::HardwareUSART<192u, 32u, 8u>::begin<MCURDK::Periph::USARTConfig<16000000ul, 115200ul, (MCURDK::Periph::USARTDataBits)3, (MCURDK::Periph::USARTParity)0, (MCURDK::Periph::USARTStopBits)0> >()
 .text._ZN6MCURDK4Arch8AtmelAVR17HardwareMasterI2CILj184ELh32ENS_4GPIO9PeriphPinINS3_3PinINS1_4PortILj38EEELh4EEENS_6Periph9ConfigA2DILh4ELh1ELh0ELm0EEENS3_5NoPWMEEENS4_INS5_IS7_Lh5EEENSA_ILh5ELh1ELh0ELm0EEESC_EEE5beginINS9_9I2CConfigILm16000000ELm400000EEEEEvv
                0x00000000000018fa       0x52 CMakeFiles/Neotronica.elf.dir/apps/Neotronica/main.cpp.o
                0x00000000000018fa                void MCURDK::Arch::AtmelAVR::HardwareMasterI2C<184u, (unsigned char)32, MCURDK::GPIO::PeriphPin<MCURDK::GPIO::Pin<MCURDK::Arch::AtmelAVR::Port<38u>, (unsigned char)4>, MCURDK::Periph::ConfigA2D<(unsigned char)4, (unsigned char)1, (unsigned char)0, 0ul>, MCURDK::GPIO::NoPWM>, MCURDK::GPIO::PeriphPin<MCURDK::GPIO::Pin<MCURDK::Arch::AtmelAVR::Port<38u>, (unsigned char)5>, MCURDK::Periph::ConfigA2D<(unsigned char)5, (unsigned char)1, (unsigned char)0, 0ul>, MCURDK::GPIO::NoPWM> >::begin<MCURDK::Periph::I2CConfig<16000000ul, 400000ul> >()
 .text._ZN6MCURDK4Arch8AtmelAVR5TimerINS1_11Timer8ModelILNS1_9ModelTypeE0EEELj68ENS1_24TimerInterruptFlagVectorILj53ELh6EEENS1_24TimerInterruptMaskVectorILj110ELh6EEENS1_26PrescalerAndExtClockSourceELh0EE5resetEv
                0x000000000000194c       0x3e CMakeFiles/Neotronica.elf.dir/apps/Neotronica/main.cpp.o
                0x000000000000194c                MCURDK::Arch::AtmelAVR::Timer<MCURDK::Arch::AtmelAVR::Timer8Model<(MCURDK::Arch::AtmelAVR::ModelType)0>, 68u, MCURDK::Arch::AtmelAVR::TimerInterruptFlagVector<53u, (unsigned char)6>, MCURDK::Arch::AtmelAVR::TimerInterruptMaskVector<110u, (unsigned char)6>, MCURDK::Arch::AtmelAVR::PrescalerAndExtClockSource, (unsigned char)0>::reset()
 .text._ZN6MCURDK4Arch8AtmelAVR5TimerINS1_11Timer8ModelILNS1_9ModelTypeE0EEELj68ENS1_24TimerInterruptFlagVectorILj53ELh6EEENS1_24TimerInterruptMaskVectorILj110ELh6EEENS1_26PrescalerAndExtClockSourceELh0EE4modeILNS_6Periph9TimerModeE1EEEvv
                0x000000000000198a       0x14 CMakeFiles/Neotronica.elf.dir/apps/Neotronica/main.cpp.o
                0x000000000000198a                void MCURDK::Arch::AtmelAVR::Timer<MCURDK::Arch::AtmelAVR::Timer8Model<(MCURDK::Arch::AtmelAVR::ModelType)0>, 68u, MCURDK::Arch::AtmelAVR::TimerInterruptFlagVector<53u, (unsigned char)6>, MCURDK::Arch::AtmelAVR::TimerInterruptMaskVector<110u, (unsigned char)6>, MCURDK::Arch::AtmelAVR::PrescalerAndExtClockSource, (unsigned char)0>::mode<(MCURDK::Periph::TimerMode)1>()
 .text._ZN6MCURDK4Arch8AtmelAVR5TimerINS1_11Timer8ModelILNS1_9ModelTypeE0EEELj68ENS1_24TimerInterruptFlagVectorILj53ELh6EEENS1_24TimerInterruptMaskVectorILj110ELh6EEENS1_26PrescalerAndExtClockSourceELh0EE17selectClockSourceINSA_13PrescalerModeILh2EvEEEEvv
                0x000000000000199e       0x48 CMakeFiles/Neotronica.elf.dir/apps/Neotronica/main.cpp.o
                0x000000000000199e                void MCURDK::Arch::AtmelAVR::Timer<MCURDK::Arch::AtmelAVR::Timer8Model<(MCURDK::Arch::AtmelAVR::ModelType)0>, 68u, MCURDK::Arch::AtmelAVR::TimerInterruptFlagVector<53u, (unsigned char)6>, MCURDK::Arch::AtmelAVR::TimerInterruptMaskVector<110u, (unsigned char)6>, MCURDK::Arch::AtmelAVR::PrescalerAndExtClockSource, (unsigned char)0>::selectClockSource<MCURDK::Arch::AtmelAVR::PrescalerAndExtClockSource::PrescalerMode<(unsigned char)2, void> >()
 .text._ZN6MCURDK4Arch8AtmelAVR5TimerINS1_11Timer8ModelILNS1_9ModelTypeE0EEELj68ENS1_24TimerInterruptFlagVectorILj53ELh6EEENS1_24TimerInterruptMaskVectorILj110ELh6EEENS1_26PrescalerAndExtClockSourceELh0EE23enableOverflowInterruptEv
                0x00000000000019e6       0x14 CMakeFiles/Neotronica.elf.dir/apps/Neotronica/main.cpp.o
                0x00000000000019e6                MCURDK::Arch::AtmelAVR::Timer<MCURDK::Arch::AtmelAVR::Timer8Model<(MCURDK::Arch::AtmelAVR::ModelType)0>, 68u, MCURDK::Arch::AtmelAVR::TimerInterruptFlagVector<53u, (unsigned char)6>, MCURDK::Arch::AtmelAVR::TimerInterruptMaskVector<110u, (unsigned char)6>, MCURDK::Arch::AtmelAVR::PrescalerAndExtClockSource, (unsigned char)0>::enableOverflowInterrupt()
 .text._ZN6MCURDK2IC6WS2812INS0_17TransmitterWS2812INS_4GPIO9PeriphPinINS3_3PinINS_4Arch8AtmelAVR4PortILj38EEELh1EEENS_6Periph9ConfigA2DILh1ELh1ELh0ELm0EEENS3_5NoPWMEEELm16000000ENS0_12TimingWS2812ELa2EEENS_5Utils5DelayINS_3MCU20ATmega_48_88_168_328ILm16000000EEENSI_19MillisecondsCounterIVmXadL_Z13timer0_millisEEEEEEE5beginEv
                0x00000000000019fa       0x18 CMakeFiles/Neotronica.elf.dir/apps/Neotronica/main.cpp.o
                0x00000000000019fa                MCURDK::IC::WS2812<MCURDK::IC::TransmitterWS2812<MCURDK::GPIO::PeriphPin<MCURDK::GPIO::Pin<MCURDK::Arch::AtmelAVR::Port<38u>, (unsigned char)1>, MCURDK::Periph::ConfigA2D<(unsigned char)1, (unsigned char)1, (unsigned char)0, 0ul>, MCURDK::GPIO::NoPWM>, 16000000ul, MCURDK::IC::TimingWS2812, (signed char)2>, MCURDK::Utils::Delay<MCURDK::MCU::ATmega_48_88_168_328<16000000ul>, MCURDK::Utils::MillisecondsCounter<unsigned long volatile, &timer0_millis> > >::begin()
 .text._ZN6MCURDK2IO6ButtonINS_4GPIO9PeriphPinINS2_3PinINS_4Arch8AtmelAVR4PortILj38EEELh0EEENS_6Periph9ConfigA2DILh0ELh1ELh0ELm0EEENS2_5NoPWMEEENS_5Utils19MillisecondsCounterIVmXadL_Z13timer0_millisEEEENS0_12ButtonConfigILNS2_7PinModeE1ELh10ELj0ELj5ELj25EEEE5beginEv
                0x0000000000001a12       0x1e CMakeFiles/Neotronica.elf.dir/apps/Neotronica/main.cpp.o
                0x0000000000001a12                MCURDK::IO::Button<MCURDK::GPIO::PeriphPin<MCURDK::GPIO::Pin<MCURDK::Arch::AtmelAVR::Port<38u>, (unsigned char)0>, MCURDK::Periph::ConfigA2D<(unsigned char)0, (unsigned char)1, (unsigned char)0, 0ul>, MCURDK::GPIO::NoPWM>, MCURDK::Utils::MillisecondsCounter<unsigned long volatile, &timer0_millis>, MCURDK::IO::ButtonConfig<(MCURDK::GPIO::PinMode)1, (unsigned char)10, 0u, 5u, 25u> >::begin()
 .text._ZN6MCURDK2IO6ButtonINS_4GPIO9PeriphPinINS2_3PinINS_4Arch8AtmelAVR4PortILj41EEELh2EEENS2_6NoA2DCENS2_5NoPWMEEENS_5Utils19MillisecondsCounterIVmXadL_Z13timer0_millisEEEENS0_12ButtonConfigILNS2_7PinModeE1ELh10ELj0ELj5ELj25EEEE5beginEv
                0x0000000000001a30       0x1e CMakeFiles/Neotronica.elf.dir/apps/Neotronica/main.cpp.o
                0x0000000000001a30                MCURDK::IO::Button<MCURDK::GPIO::PeriphPin<MCURDK::GPIO::Pin<MCURDK::Arch::AtmelAVR::Port<41u>, (unsigned char)2>, MCURDK::GPIO::NoA2DC, MCURDK::GPIO::NoPWM>, MCURDK::Utils::MillisecondsCounter<unsigned long volatile, &timer0_millis>, MCURDK::IO::ButtonConfig<(MCURDK::GPIO::PinMode)1, (unsigned char)10, 0u, 5u, 25u> >::begin()
 .text._ZN6MCURDK2IO6ButtonINS_4GPIO9PeriphPinINS2_3PinINS_4Arch8AtmelAVR4PortILj41EEELh3EEENS2_6NoA2DCENS_3MCU20ATmega_48_88_168_328ILm16000000EE6PWMCfgILh1ENS6_9Timer8bitINS6_11Timer8ModelILNS6_9ModelTypeE0EEELj176ENS6_24TimerInterruptFlagVectorILj53ELh6EEENS6_24TimerInterruptMaskVectorILj110ELh6EEENS6_20PrescalerClockSourceELh2EEEEEEENS_5Utils19MillisecondsCounterIVmXadL_Z13timer0_millisEEEENS0_12ButtonConfigILNS2_7PinModeE1ELh10ELj0ELj5ELj25EEEE5beginEv
                0x0000000000001a4e       0x1e CMakeFiles/Neotronica.elf.dir/apps/Neotronica/main.cpp.o
                0x0000000000001a4e                MCURDK::IO::Button<MCURDK::GPIO::PeriphPin<MCURDK::GPIO::Pin<MCURDK::Arch::AtmelAVR::Port<41u>, (unsigned char)3>, MCURDK::GPIO::NoA2DC, MCURDK::MCU::ATmega_48_88_168_328<16000000ul>::PWMCfg<(unsigned char)1, MCURDK::Arch::AtmelAVR::Timer8bit<MCURDK::Arch::AtmelAVR::Timer8Model<(MCURDK::Arch::AtmelAVR::ModelType)0>, 176u, MCURDK::Arch::AtmelAVR::TimerInterruptFlagVector<53u, (unsigned char)6>, MCURDK::Arch::AtmelAVR::TimerInterruptMaskVector<110u, (unsigned char)6>, MCURDK::Arch::AtmelAVR::PrescalerClockSource, (unsigned char)2> > >, MCURDK::Utils::MillisecondsCounter<unsigned long volatile, &timer0_millis>, MCURDK::IO::ButtonConfig<(MCURDK::GPIO::PinMode)1, (unsigned char)10, 0u, 5u, 25u> >::begin()
 .text._ZN6MCURDK2IO6ButtonINS_4GPIO9PeriphPinINS2_3PinINS_4Arch8AtmelAVR4PortILj41EEELh4EEENS2_6NoA2DCENS2_5NoPWMEEENS_5Utils19MillisecondsCounterIVmXadL_Z13timer0_millisEEEENS0_12ButtonConfigILNS2_7PinModeE1ELh10ELj0ELj5ELj25EEEE5beginEv
                0x0000000000001a6c       0x1e CMakeFiles/Neotronica.elf.dir/apps/Neotronica/main.cpp.o
                0x0000000000001a6c                MCURDK::IO::Button<MCURDK::GPIO::PeriphPin<MCURDK::GPIO::Pin<MCURDK::Arch::AtmelAVR::Port<41u>, (unsigned char)4>, MCURDK::GPIO::NoA2DC, MCURDK::GPIO::NoPWM>, MCURDK::Utils::MillisecondsCounter<unsigned long volatile, &timer0_millis>, MCURDK::IO::ButtonConfig<(MCURDK::GPIO::PinMode)1, (unsigned char)10, 0u, 5u, 25u> >::begin()
 .text._ZN6MCURDK2IO6ButtonINS_4GPIO9PeriphPinINS2_3PinINS_4Arch8AtmelAVR4PortILj41EEELh5EEENS2_6NoA2DCENS_3MCU20ATmega_48_88_168_328ILm16000000EE6PWMCfgILh1ENS6_9Timer8bitINS6_11Timer8ModelILNS6_9ModelTypeE0EEELj68ENS6_24TimerInterruptFlagVectorILj53ELh6EEENS6_24TimerInterruptMaskVectorILj110ELh6EEENS6_26PrescalerAndExtClockSourceELh0EEEEEEENS_5Utils19MillisecondsCounterIVmXadL_Z13timer0_millisEEEENS0_12ButtonConfigILNS2_7PinModeE1ELh10ELj0ELj5ELj25EEEE5beginEv
                0x0000000000001a8a       0x1e CMakeFiles/Neotronica.elf.dir/apps/Neotronica/main.cpp.o
                0x0000000000001a8a                MCURDK::IO::Button<MCURDK::GPIO::PeriphPin<MCURDK::GPIO::Pin<MCURDK::Arch::AtmelAVR::Port<41u>, (unsigned char)5>, MCURDK::GPIO::NoA2DC, MCURDK::MCU::ATmega_48_88_168_328<16000000ul>::PWMCfg<(unsigned char)1, MCURDK::Arch::AtmelAVR::Timer8bit<MCURDK::Arch::AtmelAVR::Timer8Model<(MCURDK::Arch::AtmelAVR::ModelType)0>, 68u, MCURDK::Arch::AtmelAVR::TimerInterruptFlagVector<53u, (unsigned char)6>, MCURDK::Arch::AtmelAVR::TimerInterruptMaskVector<110u, (unsigned char)6>, MCURDK::Arch::AtmelAVR::PrescalerAndExtClockSource, (unsigned char)0> > >, MCURDK::Utils::MillisecondsCounter<unsigned long volatile, &timer0_millis>, MCURDK::IO::ButtonConfig<(MCURDK::GPIO::PinMode)1, (unsigned char)10, 0u, 5u, 25u> >::begin()
 .text._ZN6MCURDK2IO6ButtonINS_4GPIO9PeriphPinINS2_3PinINS_4Arch8AtmelAVR4PortILj41EEELh6EEENS2_6NoA2DCENS_3MCU20ATmega_48_88_168_328ILm16000000EE6PWMCfgILh0ENS6_9Timer8bitINS6_11Timer8ModelILNS6_9ModelTypeE0EEELj68ENS6_24TimerInterruptFlagVectorILj53ELh6EEENS6_24TimerInterruptMaskVectorILj110ELh6EEENS6_26PrescalerAndExtClockSourceELh0EEEEEEENS_5Utils19MillisecondsCounterIVmXadL_Z13timer0_millisEEEENS0_12ButtonConfigILNS2_7PinModeE1ELh10ELj0ELj5ELj25EEEE5beginEv
                0x0000000000001aa8       0x1e CMakeFiles/Neotronica.elf.dir/apps/Neotronica/main.cpp.o
                0x0000000000001aa8                MCURDK::IO::Button<MCURDK::GPIO::PeriphPin<MCURDK::GPIO::Pin<MCURDK::Arch::AtmelAVR::Port<41u>, (unsigned char)6>, MCURDK::GPIO::NoA2DC, MCURDK::MCU::ATmega_48_88_168_328<16000000ul>::PWMCfg<(unsigned char)0, MCURDK::Arch::AtmelAVR::Timer8bit<MCURDK::Arch::AtmelAVR::Timer8Model<(MCURDK::Arch::AtmelAVR::ModelType)0>, 68u, MCURDK::Arch::AtmelAVR::TimerInterruptFlagVector<53u, (unsigned char)6>, MCURDK::Arch::AtmelAVR::TimerInterruptMaskVector<110u, (unsigned char)6>, MCURDK::Arch::AtmelAVR::PrescalerAndExtClockSource, (unsigned char)0> > >, MCURDK::Utils::MillisecondsCounter<unsigned long volatile, &timer0_millis>, MCURDK::IO::ButtonConfig<(MCURDK::GPIO::PinMode)1, (unsigned char)10, 0u, 5u, 25u> >::begin()
 .text._ZN6MCURDK2IO6ButtonINS_4GPIO9PeriphPinINS2_3PinINS_4Arch8AtmelAVR4PortILj41EEELh7EEENS2_6NoA2DCENS2_5NoPWMEEENS_5Utils19MillisecondsCounterIVmXadL_Z13timer0_millisEEEENS0_12ButtonConfigILNS2_7PinModeE1ELh10ELj0ELj5ELj25EEEE5beginEv
                0x0000000000001ac6       0x1e CMakeFiles/Neotronica.elf.dir/apps/Neotronica/main.cpp.o
                0x0000000000001ac6                MCURDK::IO::Button<MCURDK::GPIO::PeriphPin<MCURDK::GPIO::Pin<MCURDK::Arch::AtmelAVR::Port<41u>, (unsigned char)7>, MCURDK::GPIO::NoA2DC, MCURDK::GPIO::NoPWM>, MCURDK::Utils::MillisecondsCounter<unsigned long volatile, &timer0_millis>, MCURDK::IO::ButtonConfig<(MCURDK::GPIO::PinMode)1, (unsigned char)10, 0u, 5u, 25u> >::begin()
 .text._ZN6MCURDK2IO6ButtonINS_4GPIO9PeriphPinINS2_3PinINS_4Arch8AtmelAVR4PortILj35EEELh0EEENS2_6NoA2DCENS2_5NoPWMEEENS_5Utils19MillisecondsCounterIVmXadL_Z13timer0_millisEEEENS0_12ButtonConfigILNS2_7PinModeE1ELh10ELj0ELj5ELj25EEEE5beginEv
                0x0000000000001ae4       0x1e CMakeFiles/Neotronica.elf.dir/apps/Neotronica/main.cpp.o
                0x0000000000001ae4                MCURDK::IO::Button<MCURDK::GPIO::PeriphPin<MCURDK::GPIO::Pin<MCURDK::Arch::AtmelAVR::Port<35u>, (unsigned char)0>, MCURDK::GPIO::NoA2DC, MCURDK::GPIO::NoPWM>, MCURDK::Utils::MillisecondsCounter<unsigned long volatile, &timer0_millis>, MCURDK::IO::ButtonConfig<(MCURDK::GPIO::PinMode)1, (unsigned char)10, 0u, 5u, 25u> >::begin()
 .text._ZN6MCURDK2IO6ButtonINS_4GPIO9PeriphPinINS2_3PinINS_4Arch8AtmelAVR4PortILj35EEELh1EEENS2_6NoA2DCENS_3MCU20ATmega_48_88_168_328ILm16000000EE6PWMCfgILh0ENS6_10Timer16bitINS6_12Timer16ModelILNS6_9ModelTypeE0EEELj128ENS6_24TimerInterruptFlagVectorILj53ELh6EEENS6_24TimerInterruptMaskVectorILj110ELh6EEENS6_26PrescalerAndExtClockSourceELh1EEEEEEENS_5Utils19MillisecondsCounterIVmXadL_Z13timer0_millisEEEENS0_12ButtonConfigILNS2_7PinModeE1ELh10ELj0ELj5ELj25EEEE5beginEv
                0x0000000000001b02       0x1e CMakeFiles/Neotronica.elf.dir/apps/Neotronica/main.cpp.o
                0x0000000000001b02                MCURDK::IO::Button<MCURDK::GPIO::PeriphPin<MCURDK::GPIO::Pin<MCURDK::Arch::AtmelAVR::Port<35u>, (unsigned char)1>, MCURDK::GPIO::NoA2DC, MCURDK::MCU::ATmega_48_88_168_328<16000000ul>::PWMCfg<(unsigned char)0, MCURDK::Arch::AtmelAVR::Timer16bit<MCURDK::Arch::AtmelAVR::Timer16Model<(MCURDK::Arch::AtmelAVR::ModelType)0>, 128u, MCURDK::Arch::AtmelAVR::TimerInterruptFlagVector<53u, (unsigned char)6>, MCURDK::Arch::AtmelAVR::TimerInterruptMaskVector<110u, (unsigned char)6>, MCURDK::Arch::AtmelAVR::PrescalerAndExtClockSource, (unsigned char)1> > >, MCURDK::Utils::MillisecondsCounter<unsigned long volatile, &timer0_millis>, MCURDK::IO::ButtonConfig<(MCURDK::GPIO::PinMode)1, (unsigned char)10, 0u, 5u, 25u> >::begin()
 .text._ZN6MCURDK2IO16IRRemoteReceiverINS_4GPIO9PeriphPinINS2_3PinINS_4Arch8AtmelAVR4PortILj38EEELh2EEENS_6Periph9ConfigA2DILh2ELh1ELh0ELm0EEENS2_5NoPWMEEELm25EmE5beginEv
                0x0000000000001b20       0x24 CMakeFiles/Neotronica.elf.dir/apps/Neotronica/main.cpp.o
                0x0000000000001b20                MCURDK::IO::IRRemoteReceiver<MCURDK::GPIO::PeriphPin<MCURDK::GPIO::Pin<MCURDK::Arch::AtmelAVR::Port<38u>, (unsigned char)2>, MCURDK::Periph::ConfigA2D<(unsigned char)2, (unsigned char)1, (unsigned char)0, 0ul>, MCURDK::GPIO::NoPWM>, 25ul, unsigned long>::begin()
 .text._ZN6MCURDK2IC11MAX72xxDataILi4EE5clearEh
                0x0000000000001b44       0x36 CMakeFiles/Neotronica.elf.dir/apps/Neotronica/main.cpp.o
                0x0000000000001b44                MCURDK::IC::MAX72xxData<4>::clear(unsigned char)
 .text._ZN6MCURDK2IC7MAX72xxINS_5Utils7ToolSetINS_3MCU20ATmega_48_88_168_328ILm16000000EEENS2_19MillisecondsCounterIVmXadL_Z13timer0_millisEEEENS2_14TerminalLoggerINS_4Arch8AtmelAVR13HardwareUSARTILj192ELj32ELj8EEELNS2_8LogLevelE0ENS_2IO11NewLineCRLFENSG_18StopEscapeSequenceEEEEENS6_12HardwareSPI0ENS_4GPIO9PeriphPinINSM_3PinINSC_4PortILj35EEELh2EEENSM_6NoA2DCENS6_6PWMCfgILh1ENSC_10Timer16bitINSC_12Timer16ModelILNSC_9ModelTypeE0EEELj128ENSC_24TimerInterruptFlagVectorILj53ELh6EEENSC_24TimerInterruptMaskVectorILj110ELh6EEENSC_26PrescalerAndExtClockSourceELh1EEEEEEEE5beginEj
                0x0000000000001b7a       0x80 CMakeFiles/Neotronica.elf.dir/apps/Neotronica/main.cpp.o
                0x0000000000001b7a                MCURDK::IC::MAX72xx<MCURDK::Utils::ToolSet<MCURDK::MCU::ATmega_48_88_168_328<16000000ul>, MCURDK::Utils::MillisecondsCounter<unsigned long volatile, &timer0_millis>, MCURDK::Utils::TerminalLogger<MCURDK::Arch::AtmelAVR::HardwareUSART<192u, 32u, 8u>, (MCURDK::Utils::LogLevel)0, MCURDK::IO::NewLineCRLF, MCURDK::IO::StopEscapeSequence> >, MCURDK::MCU::ATmega_48_88_168_328<16000000ul>::HardwareSPI0, MCURDK::GPIO::PeriphPin<MCURDK::GPIO::Pin<MCURDK::Arch::AtmelAVR::Port<35u>, (unsigned char)2>, MCURDK::GPIO::NoA2DC, MCURDK::MCU::ATmega_48_88_168_328<16000000ul>::PWMCfg<(unsigned char)1, MCURDK::Arch::AtmelAVR::Timer16bit<MCURDK::Arch::AtmelAVR::Timer16Model<(MCURDK::Arch::AtmelAVR::ModelType)0>, 128u, MCURDK::Arch::AtmelAVR::TimerInterruptFlagVector<53u, (unsigned char)6>, MCURDK::Arch::AtmelAVR::TimerInterruptMaskVector<110u, (unsigned char)6>, MCURDK::Arch::AtmelAVR::PrescalerAndExtClockSource, (unsigned char)1> > > >::begin(unsigned int)
 .text._ZN6MCURDK2IC7MAX72xxINS_5Utils7ToolSetINS_3MCU20ATmega_48_88_168_328ILm16000000EEENS2_19MillisecondsCounterIVmXadL_Z13timer0_millisEEEENS2_14TerminalLoggerINS_4Arch8AtmelAVR13HardwareUSARTILj192ELj32ELj8EEELNS2_8LogLevelE0ENS_2IO11NewLineCRLFENSG_18StopEscapeSequenceEEEEENS6_12HardwareSPI0ENS_4GPIO9PeriphPinINSM_3PinINSC_4PortILj35EEELh2EEENSM_6NoA2DCENS6_6PWMCfgILh1ENSC_10Timer16bitINSC_12Timer16ModelILNSC_9ModelTypeE0EEELj128ENSC_24TimerInterruptFlagVectorILj53ELh6EEENSC_24TimerInterruptMaskVectorILj110ELh6EEENSC_26PrescalerAndExtClockSourceELh1EEEEEEEEclEjj
                0x0000000000001bfa       0x6c CMakeFiles/Neotronica.elf.dir/apps/Neotronica/main.cpp.o
                0x0000000000001bfa                MCURDK::IC::MAX72xx<MCURDK::Utils::ToolSet<MCURDK::MCU::ATmega_48_88_168_328<16000000ul>, MCURDK::Utils::MillisecondsCounter<unsigned long volatile, &timer0_millis>, MCURDK::Utils::TerminalLogger<MCURDK::Arch::AtmelAVR::HardwareUSART<192u, 32u, 8u>, (MCURDK::Utils::LogLevel)0, MCURDK::IO::NewLineCRLF, MCURDK::IO::StopEscapeSequence> >, MCURDK::MCU::ATmega_48_88_168_328<16000000ul>::HardwareSPI0, MCURDK::GPIO::PeriphPin<MCURDK::GPIO::Pin<MCURDK::Arch::AtmelAVR::Port<35u>, (unsigned char)2>, MCURDK::GPIO::NoA2DC, MCURDK::MCU::ATmega_48_88_168_328<16000000ul>::PWMCfg<(unsigned char)1, MCURDK::Arch::AtmelAVR::Timer16bit<MCURDK::Arch::AtmelAVR::Timer16Model<(MCURDK::Arch::AtmelAVR::ModelType)0>, 128u, MCURDK::Arch::AtmelAVR::TimerInterruptFlagVector<53u, (unsigned char)6>, MCURDK::Arch::AtmelAVR::TimerInterruptMaskVector<110u, (unsigned char)6>, MCURDK::Arch::AtmelAVR::PrescalerAndExtClockSource, (unsigned char)1> > > >::operator()(unsigned int, unsigned int)
 .text._ZN6MCURDK2IC7MAX72xxINS_5Utils7ToolSetINS_3MCU20ATmega_48_88_168_328ILm16000000EEENS2_19MillisecondsCounterIVmXadL_Z13timer0_millisEEEENS2_14TerminalLoggerINS_4Arch8AtmelAVR13HardwareUSARTILj192ELj32ELj8EEELNS2_8LogLevelE0ENS_2IO11NewLineCRLFENSG_18StopEscapeSequenceEEEEENS6_12HardwareSPI0ENS_4GPIO9PeriphPinINSM_3PinINSC_4PortILj35EEELh2EEENSM_6NoA2DCENS6_6PWMCfgILh1ENSC_10Timer16bitINSC_12Timer16ModelILNSC_9ModelTypeE0EEELj128ENSC_24TimerInterruptFlagVectorILj53ELh6EEENSC_24TimerInterruptMaskVectorILj110ELh6EEENSC_26PrescalerAndExtClockSourceELh1EEEEEEEE7displayILi4EEERS16_RKNS0_11MAX72xxDataIXT_EEE
                0x0000000000001c66       0xa6 CMakeFiles/Neotronica.elf.dir/apps/Neotronica/main.cpp.o
                0x0000000000001c66                MCURDK::IC::MAX72xx<MCURDK::Utils::ToolSet<MCURDK::MCU::ATmega_48_88_168_328<16000000ul>, MCURDK::Utils::MillisecondsCounter<unsigned long volatile, &timer0_millis>, MCURDK::Utils::TerminalLogger<MCURDK::Arch::AtmelAVR::HardwareUSART<192u, 32u, 8u>, (MCURDK::Utils::LogLevel)0, MCURDK::IO::NewLineCRLF, MCURDK::IO::StopEscapeSequence> >, MCURDK::MCU::ATmega_48_88_168_328<16000000ul>::HardwareSPI0, MCURDK::GPIO::PeriphPin<MCURDK::GPIO::Pin<MCURDK::Arch::AtmelAVR::Port<35u>, (unsigned char)2>, MCURDK::GPIO::NoA2DC, MCURDK::MCU::ATmega_48_88_168_328<16000000ul>::PWMCfg<(unsigned char)1, MCURDK::Arch::AtmelAVR::Timer16bit<MCURDK::Arch::AtmelAVR::Timer16Model<(MCURDK::Arch::AtmelAVR::ModelType)0>, 128u, MCURDK::Arch::AtmelAVR::TimerInterruptFlagVector<53u, (unsigned char)6>, MCURDK::Arch::AtmelAVR::TimerInterruptMaskVector<110u, (unsigned char)6>, MCURDK::Arch::AtmelAVR::PrescalerAndExtClockSource, (unsigned char)1> > > >& MCURDK::IC::MAX72xx<MCURDK::Utils::ToolSet<MCURDK::MCU::ATmega_48_88_168_328<16000000ul>, MCURDK::Utils::MillisecondsCounter<unsigned long volatile, &timer0_millis>, MCURDK::Utils::TerminalLogger<MCURDK::Arch::AtmelAVR::HardwareUSART<192u, 32u, 8u>, (MCURDK::Utils::LogLevel)0, MCURDK::IO::NewLineCRLF, MCURDK::IO::StopEscapeSequence> >, MCURDK::MCU::ATmega_48_88_168_328<16000000ul>::HardwareSPI0, MCURDK::GPIO::PeriphPin<MCURDK::GPIO::Pin<MCURDK::Arch::AtmelAVR::Port<35u>, (unsigned char)2>, MCURDK::GPIO::NoA2DC, MCURDK::MCU::ATmega_48_88_168_328<16000000ul>::PWMCfg<(unsigned char)1, MCURDK::Arch::AtmelAVR::Timer16bit<MCURDK::Arch::AtmelAVR::Timer16Model<(MCURDK::Arch::AtmelAVR::ModelType)0>, 128u, MCURDK::Arch::AtmelAVR::TimerInterruptFlagVector<53u, (unsigned char)6>, MCURDK::Arch::AtmelAVR::TimerInterruptMaskVector<110u, (unsigned char)6>, MCURDK::Arch::AtmelAVR::PrescalerAndExtClockSource, (unsigned char)1> > > >::display<4>(MCURDK::IC::MAX72xxData<4> const&)
 .text._ZN6MCURDK5Utils11BaseTimeoutINS0_19MillisecondsCounterIVmXadL_Z13timer0_millisEEEELj16EPFvaEaE5clearEv
                0x0000000000001d0c       0x24 CMakeFiles/Neotronica.elf.dir/apps/Neotronica/main.cpp.o
                0x0000000000001d0c                MCURDK::Utils::BaseTimeout<MCURDK::Utils::MillisecondsCounter<unsigned long volatile, &timer0_millis>, 16u, void (*)(signed char), signed char>::clear()
 .text._ZN6MCURDK2IO6ButtonINS_4GPIO9PeriphPinINS2_3PinINS_4Arch8AtmelAVR4PortILj38EEELh0EEENS_6Periph9ConfigA2DILh0ELh1ELh0ELm0EEENS2_5NoPWMEEENS_5Utils19MillisecondsCounterIVmXadL_Z13timer0_millisEEEENS0_12ButtonConfigILNS2_7PinModeE1ELh10ELj0ELj5ELj25EEEE6handleIPFvNS0_11ButtonEventEEEEvT_
                0x0000000000001d30       0xf8 CMakeFiles/Neotronica.elf.dir/apps/Neotronica/main.cpp.o
                0x0000000000001d30                void MCURDK::IO::Button<MCURDK::GPIO::PeriphPin<MCURDK::GPIO::Pin<MCURDK::Arch::AtmelAVR::Port<38u>, (unsigned char)0>, MCURDK::Periph::ConfigA2D<(unsigned char)0, (unsigned char)1, (unsigned char)0, 0ul>, MCURDK::GPIO::NoPWM>, MCURDK::Utils::MillisecondsCounter<unsigned long volatile, &timer0_millis>, MCURDK::IO::ButtonConfig<(MCURDK::GPIO::PinMode)1, (unsigned char)10, 0u, 5u, 25u> >::handle<void (*)(MCURDK::IO::ButtonEvent)>(void (*)(MCURDK::IO::ButtonEvent))
 .text._ZN6MCURDK2IO6ButtonINS_4GPIO9PeriphPinINS2_3PinINS_4Arch8AtmelAVR4PortILj41EEELh2EEENS2_6NoA2DCENS2_5NoPWMEEENS_5Utils19MillisecondsCounterIVmXadL_Z13timer0_millisEEEENS0_12ButtonConfigILNS2_7PinModeE1ELh10ELj0ELj5ELj25EEEE6handleIPFvNS0_11ButtonEventEEEEvT_
                0x0000000000001e28       0xf8 CMakeFiles/Neotronica.elf.dir/apps/Neotronica/main.cpp.o
                0x0000000000001e28                void MCURDK::IO::Button<MCURDK::GPIO::PeriphPin<MCURDK::GPIO::Pin<MCURDK::Arch::AtmelAVR::Port<41u>, (unsigned char)2>, MCURDK::GPIO::NoA2DC, MCURDK::GPIO::NoPWM>, MCURDK::Utils::MillisecondsCounter<unsigned long volatile, &timer0_millis>, MCURDK::IO::ButtonConfig<(MCURDK::GPIO::PinMode)1, (unsigned char)10, 0u, 5u, 25u> >::handle<void (*)(MCURDK::IO::ButtonEvent)>(void (*)(MCURDK::IO::ButtonEvent))
 .text._ZN6MCURDK2IO6ButtonINS_4GPIO9PeriphPinINS2_3PinINS_4Arch8AtmelAVR4PortILj41EEELh3EEENS2_6NoA2DCENS_3MCU20ATmega_48_88_168_328ILm16000000EE6PWMCfgILh1ENS6_9Timer8bitINS6_11Timer8ModelILNS6_9ModelTypeE0EEELj176ENS6_24TimerInterruptFlagVectorILj53ELh6EEENS6_24TimerInterruptMaskVectorILj110ELh6EEENS6_20PrescalerClockSourceELh2EEEEEEENS_5Utils19MillisecondsCounterIVmXadL_Z13timer0_millisEEEENS0_12ButtonConfigILNS2_7PinModeE1ELh10ELj0ELj5ELj25EEEE6handleIPFvNS0_11ButtonEventEEEEvT_
                0x0000000000001f20       0xf8 CMakeFiles/Neotronica.elf.dir/apps/Neotronica/main.cpp.o
                0x0000000000001f20                void MCURDK::IO::Button<MCURDK::GPIO::PeriphPin<MCURDK::GPIO::Pin<MCURDK::Arch::AtmelAVR::Port<41u>, (unsigned char)3>, MCURDK::GPIO::NoA2DC, MCURDK::MCU::ATmega_48_88_168_328<16000000ul>::PWMCfg<(unsigned char)1, MCURDK::Arch::AtmelAVR::Timer8bit<MCURDK::Arch::AtmelAVR::Timer8Model<(MCURDK::Arch::AtmelAVR::ModelType)0>, 176u, MCURDK::Arch::AtmelAVR::TimerInterruptFlagVector<53u, (unsigned char)6>, MCURDK::Arch::AtmelAVR::TimerInterruptMaskVector<110u, (unsigned char)6>, MCURDK::Arch::AtmelAVR::PrescalerClockSource, (unsigned char)2> > >, MCURDK::Utils::MillisecondsCounter<unsigned long volatile, &timer0_millis>, MCURDK::IO::ButtonConfig<(MCURDK::GPIO::PinMode)1, (unsigned char)10, 0u, 5u, 25u> >::handle<void (*)(MCURDK::IO::ButtonEvent)>(void (*)(MCURDK::IO::ButtonEvent))
 .text._ZN6MCURDK2IO6ButtonINS_4GPIO9PeriphPinINS2_3PinINS_4Arch8AtmelAVR4PortILj41EEELh4EEENS2_6NoA2DCENS2_5NoPWMEEENS_5Utils19MillisecondsCounterIVmXadL_Z13timer0_millisEEEENS0_12ButtonConfigILNS2_7PinModeE1ELh10ELj0ELj5ELj25EEEE6handleIPFvNS0_11ButtonEventEEEEvT_
                0x0000000000002018       0xf8 CMakeFiles/Neotronica.elf.dir/apps/Neotronica/main.cpp.o
                0x0000000000002018                void MCURDK::IO::Button<MCURDK::GPIO::PeriphPin<MCURDK::GPIO::Pin<MCURDK::Arch::AtmelAVR::Port<41u>, (unsigned char)4>, MCURDK::GPIO::NoA2DC, MCURDK::GPIO::NoPWM>, MCURDK::Utils::MillisecondsCounter<unsigned long volatile, &timer0_millis>, MCURDK::IO::ButtonConfig<(MCURDK::GPIO::PinMode)1, (unsigned char)10, 0u, 5u, 25u> >::handle<void (*)(MCURDK::IO::ButtonEvent)>(void (*)(MCURDK::IO::ButtonEvent))
 .text._ZN6MCURDK2IO6ButtonINS_4GPIO9PeriphPinINS2_3PinINS_4Arch8AtmelAVR4PortILj41EEELh5EEENS2_6NoA2DCENS_3MCU20ATmega_48_88_168_328ILm16000000EE6PWMCfgILh1ENS6_9Timer8bitINS6_11Timer8ModelILNS6_9ModelTypeE0EEELj68ENS6_24TimerInterruptFlagVectorILj53ELh6EEENS6_24TimerInterruptMaskVectorILj110ELh6EEENS6_26PrescalerAndExtClockSourceELh0EEEEEEENS_5Utils19MillisecondsCounterIVmXadL_Z13timer0_millisEEEENS0_12ButtonConfigILNS2_7PinModeE1ELh10ELj0ELj5ELj25EEEE6handleIPFvNS0_11ButtonEventEEEEvT_
                0x0000000000002110       0xf8 CMakeFiles/Neotronica.elf.dir/apps/Neotronica/main.cpp.o
                0x0000000000002110                void MCURDK::IO::Button<MCURDK::GPIO::PeriphPin<MCURDK::GPIO::Pin<MCURDK::Arch::AtmelAVR::Port<41u>, (unsigned char)5>, MCURDK::GPIO::NoA2DC, MCURDK::MCU::ATmega_48_88_168_328<16000000ul>::PWMCfg<(unsigned char)1, MCURDK::Arch::AtmelAVR::Timer8bit<MCURDK::Arch::AtmelAVR::Timer8Model<(MCURDK::Arch::AtmelAVR::ModelType)0>, 68u, MCURDK::Arch::AtmelAVR::TimerInterruptFlagVector<53u, (unsigned char)6>, MCURDK::Arch::AtmelAVR::TimerInterruptMaskVector<110u, (unsigned char)6>, MCURDK::Arch::AtmelAVR::PrescalerAndExtClockSource, (unsigned char)0> > >, MCURDK::Utils::MillisecondsCounter<unsigned long volatile, &timer0_millis>, MCURDK::IO::ButtonConfig<(MCURDK::GPIO::PinMode)1, (unsigned char)10, 0u, 5u, 25u> >::handle<void (*)(MCURDK::IO::ButtonEvent)>(void (*)(MCURDK::IO::ButtonEvent))
 .text._ZN6MCURDK2IO6ButtonINS_4GPIO9PeriphPinINS2_3PinINS_4Arch8AtmelAVR4PortILj41EEELh6EEENS2_6NoA2DCENS_3MCU20ATmega_48_88_168_328ILm16000000EE6PWMCfgILh0ENS6_9Timer8bitINS6_11Timer8ModelILNS6_9ModelTypeE0EEELj68ENS6_24TimerInterruptFlagVectorILj53ELh6EEENS6_24TimerInterruptMaskVectorILj110ELh6EEENS6_26PrescalerAndExtClockSourceELh0EEEEEEENS_5Utils19MillisecondsCounterIVmXadL_Z13timer0_millisEEEENS0_12ButtonConfigILNS2_7PinModeE1ELh10ELj0ELj5ELj25EEEE6handleIPFvNS0_11ButtonEventEEEEvT_
                0x0000000000002208       0xf8 CMakeFiles/Neotronica.elf.dir/apps/Neotronica/main.cpp.o
                0x0000000000002208                void MCURDK::IO::Button<MCURDK::GPIO::PeriphPin<MCURDK::GPIO::Pin<MCURDK::Arch::AtmelAVR::Port<41u>, (unsigned char)6>, MCURDK::GPIO::NoA2DC, MCURDK::MCU::ATmega_48_88_168_328<16000000ul>::PWMCfg<(unsigned char)0, MCURDK::Arch::AtmelAVR::Timer8bit<MCURDK::Arch::AtmelAVR::Timer8Model<(MCURDK::Arch::AtmelAVR::ModelType)0>, 68u, MCURDK::Arch::AtmelAVR::TimerInterruptFlagVector<53u, (unsigned char)6>, MCURDK::Arch::AtmelAVR::TimerInterruptMaskVector<110u, (unsigned char)6>, MCURDK::Arch::AtmelAVR::PrescalerAndExtClockSource, (unsigned char)0> > >, MCURDK::Utils::MillisecondsCounter<unsigned long volatile, &timer0_millis>, MCURDK::IO::ButtonConfig<(MCURDK::GPIO::PinMode)1, (unsigned char)10, 0u, 5u, 25u> >::handle<void (*)(MCURDK::IO::ButtonEvent)>(void (*)(MCURDK::IO::ButtonEvent))
 .text._ZN6MCURDK2IO6ButtonINS_4GPIO9PeriphPinINS2_3PinINS_4Arch8AtmelAVR4PortILj41EEELh7EEENS2_6NoA2DCENS2_5NoPWMEEENS_5Utils19MillisecondsCounterIVmXadL_Z13timer0_millisEEEENS0_12ButtonConfigILNS2_7PinModeE1ELh10ELj0ELj5ELj25EEEE6handleIPFvNS0_11ButtonEventEEEEvT_
                0x0000000000002300       0xf8 CMakeFiles/Neotronica.elf.dir/apps/Neotronica/main.cpp.o
                0x0000000000002300                void MCURDK::IO::Button<MCURDK::GPIO::PeriphPin<MCURDK::GPIO::Pin<MCURDK::Arch::AtmelAVR::Port<41u>, (unsigned char)7>, MCURDK::GPIO::NoA2DC, MCURDK::GPIO::NoPWM>, MCURDK::Utils::MillisecondsCounter<unsigned long volatile, &timer0_millis>, MCURDK::IO::ButtonConfig<(MCURDK::GPIO::PinMode)1, (unsigned char)10, 0u, 5u, 25u> >::handle<void (*)(MCURDK::IO::ButtonEvent)>(void (*)(MCURDK::IO::ButtonEvent))
 .text._ZN6MCURDK2IO6ButtonINS_4GPIO9PeriphPinINS2_3PinINS_4Arch8AtmelAVR4PortILj35EEELh0EEENS2_6NoA2DCENS2_5NoPWMEEENS_5Utils19MillisecondsCounterIVmXadL_Z13timer0_millisEEEENS0_12ButtonConfigILNS2_7PinModeE1ELh10ELj0ELj5ELj25EEEE6handleIPFvNS0_11ButtonEventEEEEvT_
                0x00000000000023f8       0xf8 CMakeFiles/Neotronica.elf.dir/apps/Neotronica/main.cpp.o
                0x00000000000023f8                void MCURDK::IO::Button<MCURDK::GPIO::PeriphPin<MCURDK::GPIO::Pin<MCURDK::Arch::AtmelAVR::Port<35u>, (unsigned char)0>, MCURDK::GPIO::NoA2DC, MCURDK::GPIO::NoPWM>, MCURDK::Utils::MillisecondsCounter<unsigned long volatile, &timer0_millis>, MCURDK::IO::ButtonConfig<(MCURDK::GPIO::PinMode)1, (unsigned char)10, 0u, 5u, 25u> >::handle<void (*)(MCURDK::IO::ButtonEvent)>(void (*)(MCURDK::IO::ButtonEvent))
 .text._ZN6MCURDK2IO6ButtonINS_4GPIO9PeriphPinINS2_3PinINS_4Arch8AtmelAVR4PortILj35EEELh1EEENS2_6NoA2DCENS_3MCU20ATmega_48_88_168_328ILm16000000EE6PWMCfgILh0ENS6_10Timer16bitINS6_12Timer16ModelILNS6_9ModelTypeE0EEELj128ENS6_24TimerInterruptFlagVectorILj53ELh6EEENS6_24TimerInterruptMaskVectorILj110ELh6EEENS6_26PrescalerAndExtClockSourceELh1EEEEEEENS_5Utils19MillisecondsCounterIVmXadL_Z13timer0_millisEEEENS0_12ButtonConfigILNS2_7PinModeE1ELh10ELj0ELj5ELj25EEEE6handleIPFvNS0_11ButtonEventEEEEvT_
                0x00000000000024f0       0xf8 CMakeFiles/Neotronica.elf.dir/apps/Neotronica/main.cpp.o
                0x00000000000024f0                void MCURDK::IO::Button<MCURDK::GPIO::PeriphPin<MCURDK::GPIO::Pin<MCURDK::Arch::AtmelAVR::Port<35u>, (unsigned char)1>, MCURDK::GPIO::NoA2DC, MCURDK::MCU::ATmega_48_88_168_328<16000000ul>::PWMCfg<(unsigned char)0, MCURDK::Arch::AtmelAVR::Timer16bit<MCURDK::Arch::AtmelAVR::Timer16Model<(MCURDK::Arch::AtmelAVR::ModelType)0>, 128u, MCURDK::Arch::AtmelAVR::TimerInterruptFlagVector<53u, (unsigned char)6>, MCURDK::Arch::AtmelAVR::TimerInterruptMaskVector<110u, (unsigned char)6>, MCURDK::Arch::AtmelAVR::PrescalerAndExtClockSource, (unsigned char)1> > >, MCURDK::Utils::MillisecondsCounter<unsigned long volatile, &timer0_millis>, MCURDK::IO::ButtonConfig<(MCURDK::GPIO::PinMode)1, (unsigned char)10, 0u, 5u, 25u> >::handle<void (*)(MCURDK::IO::ButtonEvent)>(void (*)(MCURDK::IO::ButtonEvent))
 .text._ZN6MCURDK2IC11MAX72xxDataILi4EE9insertRowEhh
                0x00000000000025e8       0xd0 CMakeFiles/Neotronica.elf.dir/apps/Neotronica/main.cpp.o
                0x00000000000025e8                MCURDK::IC::MAX72xxData<4>::insertRow(unsigned char, unsigned char)
 .text._ZN6MCURDK2IC6DS3231INS_4Arch8AtmelAVR17HardwareMasterI2CILj184ELh32ENS_4GPIO9PeriphPinINS5_3PinINS3_4PortILj38EEELh4EEENS_6Periph9ConfigA2DILh4ELh1ELh0ELm0EEENS5_5NoPWMEEENS6_INS7_IS9_Lh5EEENSC_ILh5ELh1ELh0ELm0EEESE_EEEELh104EE8dateTimeEv
                0x00000000000026b8      0x148 CMakeFiles/Neotronica.elf.dir/apps/Neotronica/main.cpp.o
                0x00000000000026b8                MCURDK::IC::DS3231<MCURDK::Arch::AtmelAVR::HardwareMasterI2C<184u, (unsigned char)32, MCURDK::GPIO::PeriphPin<MCURDK::GPIO::Pin<MCURDK::Arch::AtmelAVR::Port<38u>, (unsigned char)4>, MCURDK::Periph::ConfigA2D<(unsigned char)4, (unsigned char)1, (unsigned char)0, 0ul>, MCURDK::GPIO::NoPWM>, MCURDK::GPIO::PeriphPin<MCURDK::GPIO::Pin<MCURDK::Arch::AtmelAVR::Port<38u>, (unsigned char)5>, MCURDK::Periph::ConfigA2D<(unsigned char)5, (unsigned char)1, (unsigned char)0, 0ul>, MCURDK::GPIO::NoPWM> >, (unsigned char)104>::dateTime()
 .text._ZN6MCURDK5Utils11BaseTimeoutINS0_19MillisecondsCounterIVmXadL_Z13timer0_millisEEEELj16EPFvaEaE8scheduleIJS6_aEEEbmDpT_
                0x0000000000002800       0xb4 CMakeFiles/Neotronica.elf.dir/apps/Neotronica/main.cpp.o
                0x0000000000002800                bool MCURDK::Utils::BaseTimeout<MCURDK::Utils::MillisecondsCounter<unsigned long volatile, &timer0_millis>, 16u, void (*)(signed char), signed char>::schedule<void (*)(signed char), signed char>(unsigned long, void (*)(signed char), signed char)
 .text._ZN6MCURDK5Utils14TerminalLoggerINS_4Arch8AtmelAVR13HardwareUSARTILj192ELj32ELj8EEELNS0_8LogLevelE0ENS_2IO11NewLineCRLFENS7_18StopEscapeSequenceEE4infoEv
                0x00000000000028b4       0x4e CMakeFiles/Neotronica.elf.dir/apps/Neotronica/main.cpp.o
                0x00000000000028b4                MCURDK::Utils::TerminalLogger<MCURDK::Arch::AtmelAVR::HardwareUSART<192u, 32u, 8u>, (MCURDK::Utils::LogLevel)0, MCURDK::IO::NewLineCRLF, MCURDK::IO::StopEscapeSequence>::info()
 .text._ZN6MCURDK5Utils9LogStreamINS_4Arch8AtmelAVR13HardwareUSARTILj192ELj32ELj8EEENS_2IO11NewLineCRLFENS6_18StopEscapeSequenceELNS0_8LogLevelE2ELS9_0EED2Ev
                0x0000000000002902       0x32 CMakeFiles/Neotronica.elf.dir/apps/Neotronica/main.cpp.o
                0x0000000000002902                MCURDK::Utils::LogStream<MCURDK::Arch::AtmelAVR::HardwareUSART<192u, 32u, 8u>, MCURDK::IO::NewLineCRLF, MCURDK::IO::StopEscapeSequence, (MCURDK::Utils::LogLevel)2, (MCURDK::Utils::LogLevel)0>::~LogStream()
                0x0000000000002902                MCURDK::Utils::LogStream<MCURDK::Arch::AtmelAVR::HardwareUSART<192u, 32u, 8u>, MCURDK::IO::NewLineCRLF, MCURDK::IO::StopEscapeSequence, (MCURDK::Utils::LogLevel)2, (MCURDK::Utils::LogLevel)0>::~LogStream()
 .text._ZN6MCURDK5Utils9LogStreamINS_4Arch8AtmelAVR13HardwareUSARTILj192ELj32ELj8EEENS_2IO11NewLineCRLFENS6_18StopEscapeSequenceELNS0_8LogLevelE2ELS9_0EElsIPKcEERSA_T_
                0x0000000000002934       0x36 CMakeFiles/Neotronica.elf.dir/apps/Neotronica/main.cpp.o
                0x0000000000002934                MCURDK::Utils::LogStream<MCURDK::Arch::AtmelAVR::HardwareUSART<192u, 32u, 8u>, MCURDK::IO::NewLineCRLF, MCURDK::IO::StopEscapeSequence, (MCURDK::Utils::LogLevel)2, (MCURDK::Utils::LogLevel)0>& MCURDK::Utils::LogStream<MCURDK::Arch::AtmelAVR::HardwareUSART<192u, 32u, 8u>, MCURDK::IO::NewLineCRLF, MCURDK::IO::StopEscapeSequence, (MCURDK::Utils::LogLevel)2, (MCURDK::Utils::LogLevel)0>::operator<< <char const*>(char const*)
 .text._ZN6MCURDK5Utils9LogStreamINS_4Arch8AtmelAVR13HardwareUSARTILj192ELj32ELj8EEENS_2IO11NewLineCRLFENS6_18StopEscapeSequenceELNS0_8LogLevelE2ELS9_0EElsINS6_10RadixValueILh16EEEEERSA_T_
                0x000000000000296a       0x34 CMakeFiles/Neotronica.elf.dir/apps/Neotronica/main.cpp.o
                0x000000000000296a                MCURDK::Utils::LogStream<MCURDK::Arch::AtmelAVR::HardwareUSART<192u, 32u, 8u>, MCURDK::IO::NewLineCRLF, MCURDK::IO::StopEscapeSequence, (MCURDK::Utils::LogLevel)2, (MCURDK::Utils::LogLevel)0>& MCURDK::Utils::LogStream<MCURDK::Arch::AtmelAVR::HardwareUSART<192u, 32u, 8u>, MCURDK::IO::NewLineCRLF, MCURDK::IO::StopEscapeSequence, (MCURDK::Utils::LogLevel)2, (MCURDK::Utils::LogLevel)0>::operator<< <MCURDK::IO::RadixValue<(unsigned char)16> >(MCURDK::IO::RadixValue<(unsigned char)16>)
 .text._ZN6MCURDK5Utils9LogStreamINS_4Arch8AtmelAVR13HardwareUSARTILj192ELj32ELj8EEENS_2IO11NewLineCRLFENS6_18StopEscapeSequenceELNS0_8LogLevelE2ELS9_0EElsImEERSA_T_
                0x000000000000299e       0x4c CMakeFiles/Neotronica.elf.dir/apps/Neotronica/main.cpp.o
                0x000000000000299e                MCURDK::Utils::LogStream<MCURDK::Arch::AtmelAVR::HardwareUSART<192u, 32u, 8u>, MCURDK::IO::NewLineCRLF, MCURDK::IO::StopEscapeSequence, (MCURDK::Utils::LogLevel)2, (MCURDK::Utils::LogLevel)0>& MCURDK::Utils::LogStream<MCURDK::Arch::AtmelAVR::HardwareUSART<192u, 32u, 8u>, MCURDK::IO::NewLineCRLF, MCURDK::IO::StopEscapeSequence, (MCURDK::Utils::LogLevel)2, (MCURDK::Utils::LogLevel)0>::operator<< <unsigned long>(unsigned long)
 .text._ZN6MCURDK5Utils15FunctionTimeoutINS0_19MillisecondsCounterIVmXadL_Z13timer0_millisEEEELj16EaE6handleEv
                0x00000000000029ea       0x28 CMakeFiles/Neotronica.elf.dir/apps/Neotronica/main.cpp.o
                0x00000000000029ea                MCURDK::Utils::FunctionTimeout<MCURDK::Utils::MillisecondsCounter<unsigned long volatile, &timer0_millis>, 16u, signed char>::handle()
 .text._ZN6MCURDK2IO16IRRemoteReceiverINS_4GPIO9PeriphPinINS2_3PinINS_4Arch8AtmelAVR4PortILj38EEELh2EEENS_6Periph9ConfigA2DILh2ELh1ELh0ELm0EEENS2_5NoPWMEEELm25EmE9processedEv
                0x0000000000002a12       0x2c CMakeFiles/Neotronica.elf.dir/apps/Neotronica/main.cpp.o
                0x0000000000002a12                MCURDK::IO::IRRemoteReceiver<MCURDK::GPIO::PeriphPin<MCURDK::GPIO::Pin<MCURDK::Arch::AtmelAVR::Port<38u>, (unsigned char)2>, MCURDK::Periph::ConfigA2D<(unsigned char)2, (unsigned char)1, (unsigned char)0, 0ul>, MCURDK::GPIO::NoPWM>, 25ul, unsigned long>::processed()
 .text._ZN6MCURDK2IO16IRRemoteReceiverINS_4GPIO9PeriphPinINS2_3PinINS_4Arch8AtmelAVR4PortILj38EEELh2EEENS_6Periph9ConfigA2DILh2ELh1ELh0ELm0EEENS2_5NoPWMEEELm25EmE6resultEv
                0x0000000000002a3e       0x2a CMakeFiles/Neotronica.elf.dir/apps/Neotronica/main.cpp.o
                0x0000000000002a3e                MCURDK::IO::IRRemoteReceiver<MCURDK::GPIO::PeriphPin<MCURDK::GPIO::Pin<MCURDK::Arch::AtmelAVR::Port<38u>, (unsigned char)2>, MCURDK::Periph::ConfigA2D<(unsigned char)2, (unsigned char)1, (unsigned char)0, 0ul>, MCURDK::GPIO::NoPWM>, 25ul, unsigned long>::result()
 .text._ZN6MCURDK2IO16IRRemoteReceiverINS_4GPIO9PeriphPinINS2_3PinINS_4Arch8AtmelAVR4PortILj38EEELh2EEENS_6Periph9ConfigA2DILh2ELh1ELh0ELm0EEENS2_5NoPWMEEELm25EmE3runEv
                0x0000000000002a68       0x36 CMakeFiles/Neotronica.elf.dir/apps/Neotronica/main.cpp.o
                0x0000000000002a68                MCURDK::IO::IRRemoteReceiver<MCURDK::GPIO::PeriphPin<MCURDK::GPIO::Pin<MCURDK::Arch::AtmelAVR::Port<38u>, (unsigned char)2>, MCURDK::Periph::ConfigA2D<(unsigned char)2, (unsigned char)1, (unsigned char)0, 0ul>, MCURDK::GPIO::NoPWM>, 25ul, unsigned long>::run()
 .text._ZN6MCURDK5Utils19MillisecondsCounterIVmXadL_Z13timer0_millisEEE10IRQHandlerILm16000000ELj64ENS_4Arch8AtmelAVR9Timer8bitINS6_11Timer8ModelILNS6_9ModelTypeE0EEELj68ENS6_24TimerInterruptFlagVectorILj53ELh6EEENS6_24TimerInterruptMaskVectorILj110ELh6EEENS6_26PrescalerAndExtClockSourceELh0EEEE19handleTimerOverflowEv
                0x0000000000002a9e       0x98 CMakeFiles/Neotronica.elf.dir/apps/Neotronica/main.cpp.o
                0x0000000000002a9e                MCURDK::Utils::MillisecondsCounter<unsigned long volatile, &timer0_millis>::IRQHandler<16000000ul, 64u, MCURDK::Arch::AtmelAVR::Timer8bit<MCURDK::Arch::AtmelAVR::Timer8Model<(MCURDK::Arch::AtmelAVR::ModelType)0>, 68u, MCURDK::Arch::AtmelAVR::TimerInterruptFlagVector<53u, (unsigned char)6>, MCURDK::Arch::AtmelAVR::TimerInterruptMaskVector<110u, (unsigned char)6>, MCURDK::Arch::AtmelAVR::PrescalerAndExtClockSource, (unsigned char)0> >::handleTimerOverflow()
 .text._ZN6MCURDK4Arch8AtmelAVR13HardwareUSARTILj192ELj32ELj8EE11handleRxIrqEv
                0x0000000000002b36       0x54 CMakeFiles/Neotronica.elf.dir/apps/Neotronica/main.cpp.o
                0x0000000000002b36                MCURDK::Arch::AtmelAVR::HardwareUSART<192u, 32u, 8u>::handleRxIrq()
 .text._ZN6MCURDK4Arch8AtmelAVR13HardwareUSARTILj192ELj32ELj8EE11handleTxIrqEv
                0x0000000000002b8a       0x66 CMakeFiles/Neotronica.elf.dir/apps/Neotronica/main.cpp.o
                0x0000000000002b8a                MCURDK::Arch::AtmelAVR::HardwareUSART<192u, 32u, 8u>::handleTxIrq()
 .text._ZN6MCURDK4Arch8AtmelAVR17HardwareMasterI2CILj184ELh32ENS_4GPIO9PeriphPinINS3_3PinINS1_4PortILj38EEELh4EEENS_6Periph9ConfigA2DILh4ELh1ELh0ELm0EEENS3_5NoPWMEEENS4_INS5_IS7_Lh5EEENSA_ILh5ELh1ELh0ELm0EEESC_EEE9handleIrqEv
                0x0000000000002bf0      0x17e CMakeFiles/Neotronica.elf.dir/apps/Neotronica/main.cpp.o
                0x0000000000002bf0                MCURDK::Arch::AtmelAVR::HardwareMasterI2C<184u, (unsigned char)32, MCURDK::GPIO::PeriphPin<MCURDK::GPIO::Pin<MCURDK::Arch::AtmelAVR::Port<38u>, (unsigned char)4>, MCURDK::Periph::ConfigA2D<(unsigned char)4, (unsigned char)1, (unsigned char)0, 0ul>, MCURDK::GPIO::NoPWM>, MCURDK::GPIO::PeriphPin<MCURDK::GPIO::Pin<MCURDK::Arch::AtmelAVR::Port<38u>, (unsigned char)5>, MCURDK::Periph::ConfigA2D<(unsigned char)5, (unsigned char)1, (unsigned char)0, 0ul>, MCURDK::GPIO::NoPWM> >::handleIrq()
 .text._ZN6MCURDK2IO16IRRemoteReceiverINS_4GPIO9PeriphPinINS2_3PinINS_4Arch8AtmelAVR4PortILj38EEELh2EEENS_6Periph9ConfigA2DILh2ELh1ELh0ELm0EEENS2_5NoPWMEEELm25EmE6handleEv
                0x0000000000002d6e       0xde CMakeFiles/Neotronica.elf.dir/apps/Neotronica/main.cpp.o
                0x0000000000002d6e                MCURDK::IO::IRRemoteReceiver<MCURDK::GPIO::PeriphPin<MCURDK::GPIO::Pin<MCURDK::Arch::AtmelAVR::Port<38u>, (unsigned char)2>, MCURDK::Periph::ConfigA2D<(unsigned char)2, (unsigned char)1, (unsigned char)0, 0ul>, MCURDK::GPIO::NoPWM>, 25ul, unsigned long>::handle()
 .text._ZN6MCURDK5Utils10NoopCyclesILy1EE5placeEv
                0x0000000000002e4c       0x14 CMakeFiles/Neotronica.elf.dir/apps/Neotronica/main.cpp.o
                0x0000000000002e4c                MCURDK::Utils::NoopCycles<1ull>::place()
 .text._ZN6MCURDK2IO14DigitalSamplerINS_4GPIO9PeriphPinINS2_3PinINS_4Arch8AtmelAVR4PortILj38EEELh2EEENS_6Periph9ConfigA2DILh2ELh1ELh0ELm0EEENS2_5NoPWMEEENS0_14SamlingTriggerIjLNS0_11TriggerModeE0ELj200EEENSF_IjLSG_1ELj400EEEE5resetEv
                0x0000000000002e60       0x44 CMakeFiles/Neotronica.elf.dir/apps/Neotronica/main.cpp.o
                0x0000000000002e60                MCURDK::IO::DigitalSampler<MCURDK::GPIO::PeriphPin<MCURDK::GPIO::Pin<MCURDK::Arch::AtmelAVR::Port<38u>, (unsigned char)2>, MCURDK::Periph::ConfigA2D<(unsigned char)2, (unsigned char)1, (unsigned char)0, 0ul>, MCURDK::GPIO::NoPWM>, MCURDK::IO::SamlingTrigger<unsigned int, (MCURDK::IO::TriggerMode)0, 200u>, MCURDK::IO::SamlingTrigger<unsigned int, (MCURDK::IO::TriggerMode)1, 400u> >::reset()
 .text._ZN6MCURDK5Utils11TimeoutItemIVmPFvaEaEC2Ev
                0x0000000000002ea4       0x32 CMakeFiles/Neotronica.elf.dir/apps/Neotronica/main.cpp.o
                0x0000000000002ea4                MCURDK::Utils::TimeoutItem<unsigned long volatile, void (*)(signed char), signed char>::TimeoutItem()
                0x0000000000002ea4                MCURDK::Utils::TimeoutItem<unsigned long volatile, void (*)(signed char), signed char>::TimeoutItem()
 .text._ZN6MCURDK2IC6WS2812INS0_17TransmitterWS2812INS_4GPIO9PeriphPinINS3_3PinINS_4Arch8AtmelAVR4PortILj38EEELh1EEENS_6Periph9ConfigA2DILh1ELh1ELh0ELm0EEENS3_5NoPWMEEELm16000000ENS0_12TimingWS2812ELa2EEENS_5Utils5DelayINS_3MCU20ATmega_48_88_168_328ILm16000000EEENSI_19MillisecondsCounterIVmXadL_Z13timer0_millisEEEEEEE8sendByteEh
                0x0000000000002ed6       0x46 CMakeFiles/Neotronica.elf.dir/apps/Neotronica/main.cpp.o
                0x0000000000002ed6                MCURDK::IC::WS2812<MCURDK::IC::TransmitterWS2812<MCURDK::GPIO::PeriphPin<MCURDK::GPIO::Pin<MCURDK::Arch::AtmelAVR::Port<38u>, (unsigned char)1>, MCURDK::Periph::ConfigA2D<(unsigned char)1, (unsigned char)1, (unsigned char)0, 0ul>, MCURDK::GPIO::NoPWM>, 16000000ul, MCURDK::IC::TimingWS2812, (signed char)2>, MCURDK::Utils::Delay<MCURDK::MCU::ATmega_48_88_168_328<16000000ul>, MCURDK::Utils::MillisecondsCounter<unsigned long volatile, &timer0_millis> > >::sendByte(unsigned char)
 .text._ZN6MCURDK5Utils5DelayINS_3MCU20ATmega_48_88_168_328ILm16000000EEENS0_19MillisecondsCounterIVmXadL_Z13timer0_millisEEEEE12microsecondsILy50EEEvv
                0x0000000000002f1c       0x40 CMakeFiles/Neotronica.elf.dir/apps/Neotronica/main.cpp.o
                0x0000000000002f1c                void MCURDK::Utils::Delay<MCURDK::MCU::ATmega_48_88_168_328<16000000ul>, MCURDK::Utils::MillisecondsCounter<unsigned long volatile, &timer0_millis> >::microseconds<50ull>()
 .text._ZN6MCURDK4Arch8AtmelAVR17HardwareMasterI2CILj184ELh32ENS_4GPIO9PeriphPinINS3_3PinINS1_4PortILj38EEELh4EEENS_6Periph9ConfigA2DILh4ELh1ELh0ELm0EEENS3_5NoPWMEEENS4_INS5_IS7_Lh5EEENSA_ILh5ELh1ELh0ELm0EEESC_EEE4waitEv
                0x0000000000002f5c       0x3e CMakeFiles/Neotronica.elf.dir/apps/Neotronica/main.cpp.o
                0x0000000000002f5c                MCURDK::Arch::AtmelAVR::HardwareMasterI2C<184u, (unsigned char)32, MCURDK::GPIO::PeriphPin<MCURDK::GPIO::Pin<MCURDK::Arch::AtmelAVR::Port<38u>, (unsigned char)4>, MCURDK::Periph::ConfigA2D<(unsigned char)4, (unsigned char)1, (unsigned char)0, 0ul>, MCURDK::GPIO::NoPWM>, MCURDK::GPIO::PeriphPin<MCURDK::GPIO::Pin<MCURDK::Arch::AtmelAVR::Port<38u>, (unsigned char)5>, MCURDK::Periph::ConfigA2D<(unsigned char)5, (unsigned char)1, (unsigned char)0, 0ul>, MCURDK::GPIO::NoPWM> >::wait()
 .text._ZN6MCURDK4Arch8AtmelAVR17HardwareMasterI2CILj184ELh32ENS_4GPIO9PeriphPinINS3_3PinINS1_4PortILj38EEELh4EEENS_6Periph9ConfigA2DILh4ELh1ELh0ELm0EEENS3_5NoPWMEEENS4_INS5_IS7_Lh5EEENSA_ILh5ELh1ELh0ELm0EEESC_EEE6streamEPv
                0x0000000000002f9a       0x3e CMakeFiles/Neotronica.elf.dir/apps/Neotronica/main.cpp.o
                0x0000000000002f9a                MCURDK::Arch::AtmelAVR::HardwareMasterI2C<184u, (unsigned char)32, MCURDK::GPIO::PeriphPin<MCURDK::GPIO::Pin<MCURDK::Arch::AtmelAVR::Port<38u>, (unsigned char)4>, MCURDK::Periph::ConfigA2D<(unsigned char)4, (unsigned char)1, (unsigned char)0, 0ul>, MCURDK::GPIO::NoPWM>, MCURDK::GPIO::PeriphPin<MCURDK::GPIO::Pin<MCURDK::Arch::AtmelAVR::Port<38u>, (unsigned char)5>, MCURDK::Periph::ConfigA2D<(unsigned char)5, (unsigned char)1, (unsigned char)0, 0ul>, MCURDK::GPIO::NoPWM> >::stream(void*)
 .text._ZN6MCURDK4Arch8AtmelAVR17HardwareMasterI2CILj184ELh32ENS_4GPIO9PeriphPinINS3_3PinINS1_4PortILj38EEELh4EEENS_6Periph9ConfigA2DILh4ELh1ELh0ELm0EEENS3_5NoPWMEEENS4_INS5_IS7_Lh5EEENSA_ILh5ELh1ELh0ELm0EEESC_EEE8transmitEPFvPvESI_
                0x0000000000002fd8       0x56 CMakeFiles/Neotronica.elf.dir/apps/Neotronica/main.cpp.o
                0x0000000000002fd8                MCURDK::Arch::AtmelAVR::HardwareMasterI2C<184u, (unsigned char)32, MCURDK::GPIO::PeriphPin<MCURDK::GPIO::Pin<MCURDK::Arch::AtmelAVR::Port<38u>, (unsigned char)4>, MCURDK::Periph::ConfigA2D<(unsigned char)4, (unsigned char)1, (unsigned char)0, 0ul>, MCURDK::GPIO::NoPWM>, MCURDK::GPIO::PeriphPin<MCURDK::GPIO::Pin<MCURDK::Arch::AtmelAVR::Port<38u>, (unsigned char)5>, MCURDK::Periph::ConfigA2D<(unsigned char)5, (unsigned char)1, (unsigned char)0, 0ul>, MCURDK::GPIO::NoPWM> >::transmit(void (*)(void*), void*)
 .text._ZN6MCURDK2IC6DS3231INS_4Arch8AtmelAVR17HardwareMasterI2CILj184ELh32ENS_4GPIO9PeriphPinINS5_3PinINS3_4PortILj38EEELh4EEENS_6Periph9ConfigA2DILh4ELh1ELh0ELm0EEENS5_5NoPWMEEENS6_INS7_IS9_Lh5EEENSC_ILh5ELh1ELh0ELm0EEESE_EEEELh104EE18i2cAddressAssignedEPv
                0x000000000000302e       0x36 CMakeFiles/Neotronica.elf.dir/apps/Neotronica/main.cpp.o
                0x000000000000302e                MCURDK::IC::DS3231<MCURDK::Arch::AtmelAVR::HardwareMasterI2C<184u, (unsigned char)32, MCURDK::GPIO::PeriphPin<MCURDK::GPIO::Pin<MCURDK::Arch::AtmelAVR::Port<38u>, (unsigned char)4>, MCURDK::Periph::ConfigA2D<(unsigned char)4, (unsigned char)1, (unsigned char)0, 0ul>, MCURDK::GPIO::NoPWM>, MCURDK::GPIO::PeriphPin<MCURDK::GPIO::Pin<MCURDK::Arch::AtmelAVR::Port<38u>, (unsigned char)5>, MCURDK::Periph::ConfigA2D<(unsigned char)5, (unsigned char)1, (unsigned char)0, 0ul>, MCURDK::GPIO::NoPWM> >, (unsigned char)104>::i2cAddressAssigned(void*)
 .text._ZN6MCURDK5Utils11TimeoutItemIVmPFvaEaEC2EmS4_a
                0x0000000000003064       0x6c CMakeFiles/Neotronica.elf.dir/apps/Neotronica/main.cpp.o
                0x0000000000003064                MCURDK::Utils::TimeoutItem<unsigned long volatile, void (*)(signed char), signed char>::TimeoutItem(unsigned long, void (*)(signed char), signed char)
                0x0000000000003064                MCURDK::Utils::TimeoutItem<unsigned long volatile, void (*)(signed char), signed char>::TimeoutItem(unsigned long, void (*)(signed char), signed char)
 .text._ZN6MCURDK2IC11MAX72xxDataILi4EE7setRowsEiPKh
                0x00000000000030d0       0x82 CMakeFiles/Neotronica.elf.dir/apps/Neotronica/main.cpp.o
                0x00000000000030d0                MCURDK::IC::MAX72xxData<4>::setRows(int, unsigned char const*)
 .text._ZN6MCURDK5Utils13MemorySegmentIhLj192EEixEj
                0x0000000000003152       0x2a CMakeFiles/Neotronica.elf.dir/apps/Neotronica/main.cpp.o
                0x0000000000003152                MCURDK::Utils::MemorySegment<unsigned char, 192u>::operator[](unsigned int)
 .text._ZN6MCURDK4GPIO3PinINS_4Arch8AtmelAVR4PortILj38EEELh4EE4highEv
                0x000000000000317c       0x16 CMakeFiles/Neotronica.elf.dir/apps/Neotronica/main.cpp.o
                0x000000000000317c                MCURDK::GPIO::Pin<MCURDK::Arch::AtmelAVR::Port<38u>, (unsigned char)4>::high()
 .text._ZN6MCURDK4GPIO3PinINS_4Arch8AtmelAVR4PortILj38EEELh5EE4highEv
                0x0000000000003192       0x16 CMakeFiles/Neotronica.elf.dir/apps/Neotronica/main.cpp.o
                0x0000000000003192                MCURDK::GPIO::Pin<MCURDK::Arch::AtmelAVR::Port<38u>, (unsigned char)5>::high()
 .text._ZN6MCURDK5Utils13MemorySegmentIhLj184EEixEj
                0x00000000000031a8       0x2a CMakeFiles/Neotronica.elf.dir/apps/Neotronica/main.cpp.o
                0x00000000000031a8                MCURDK::Utils::MemorySegment<unsigned char, 184u>::operator[](unsigned int)
 .text._ZN6MCURDK4Arch8AtmelAVR5TimerINS1_11Timer8ModelILNS1_9ModelTypeE0EEELj68ENS1_24TimerInterruptFlagVectorILj53ELh6EEENS1_24TimerInterruptMaskVectorILj110ELh6EEENS1_26PrescalerAndExtClockSourceELh0EE24disableOverflowInterruptEv
                0x00000000000031d2       0x14 CMakeFiles/Neotronica.elf.dir/apps/Neotronica/main.cpp.o
                0x00000000000031d2                MCURDK::Arch::AtmelAVR::Timer<MCURDK::Arch::AtmelAVR::Timer8Model<(MCURDK::Arch::AtmelAVR::ModelType)0>, 68u, MCURDK::Arch::AtmelAVR::TimerInterruptFlagVector<53u, (unsigned char)6>, MCURDK::Arch::AtmelAVR::TimerInterruptMaskVector<110u, (unsigned char)6>, MCURDK::Arch::AtmelAVR::PrescalerAndExtClockSource, (unsigned char)0>::disableOverflowInterrupt()
 .text._ZN6MCURDK4Arch8AtmelAVR5TimerINS1_11Timer8ModelILNS1_9ModelTypeE0EEELj68ENS1_24TimerInterruptFlagVectorILj53ELh6EEENS1_24TimerInterruptMaskVectorILj110ELh6EEENS1_26PrescalerAndExtClockSourceELh0EE28disableCompareMatchInterruptILh0EEEvv
                0x00000000000031e6       0x14 CMakeFiles/Neotronica.elf.dir/apps/Neotronica/main.cpp.o
                0x00000000000031e6                void MCURDK::Arch::AtmelAVR::Timer<MCURDK::Arch::AtmelAVR::Timer8Model<(MCURDK::Arch::AtmelAVR::ModelType)0>, 68u, MCURDK::Arch::AtmelAVR::TimerInterruptFlagVector<53u, (unsigned char)6>, MCURDK::Arch::AtmelAVR::TimerInterruptMaskVector<110u, (unsigned char)6>, MCURDK::Arch::AtmelAVR::PrescalerAndExtClockSource, (unsigned char)0>::disableCompareMatchInterrupt<(unsigned char)0>()
 .text._ZN6MCURDK4Arch8AtmelAVR5TimerINS1_11Timer8ModelILNS1_9ModelTypeE0EEELj68ENS1_24TimerInterruptFlagVectorILj53ELh6EEENS1_24TimerInterruptMaskVectorILj110ELh6EEENS1_26PrescalerAndExtClockSourceELh0EE28disableCompareMatchInterruptILh1EEEvv
                0x00000000000031fa       0x14 CMakeFiles/Neotronica.elf.dir/apps/Neotronica/main.cpp.o
                0x00000000000031fa                void MCURDK::Arch::AtmelAVR::Timer<MCURDK::Arch::AtmelAVR::Timer8Model<(MCURDK::Arch::AtmelAVR::ModelType)0>, 68u, MCURDK::Arch::AtmelAVR::TimerInterruptFlagVector<53u, (unsigned char)6>, MCURDK::Arch::AtmelAVR::TimerInterruptMaskVector<110u, (unsigned char)6>, MCURDK::Arch::AtmelAVR::PrescalerAndExtClockSource, (unsigned char)0>::disableCompareMatchInterrupt<(unsigned char)1>()
 .text._ZN6MCURDK4Arch8AtmelAVR5TimerINS1_11Timer8ModelILNS1_9ModelTypeE0EEELj68ENS1_24TimerInterruptFlagVectorILj53ELh6EEENS1_24TimerInterruptMaskVectorILj110ELh6EEENS1_26PrescalerAndExtClockSourceELh0EE26clearOverflowInterruptFlagEv
                0x000000000000320e       0x14 CMakeFiles/Neotronica.elf.dir/apps/Neotronica/main.cpp.o
                0x000000000000320e                MCURDK::Arch::AtmelAVR::Timer<MCURDK::Arch::AtmelAVR::Timer8Model<(MCURDK::Arch::AtmelAVR::ModelType)0>, 68u, MCURDK::Arch::AtmelAVR::TimerInterruptFlagVector<53u, (unsigned char)6>, MCURDK::Arch::AtmelAVR::TimerInterruptMaskVector<110u, (unsigned char)6>, MCURDK::Arch::AtmelAVR::PrescalerAndExtClockSource, (unsigned char)0>::clearOverflowInterruptFlag()
 .text._ZN6MCURDK4Arch8AtmelAVR5TimerINS1_11Timer8ModelILNS1_9ModelTypeE0EEELj68ENS1_24TimerInterruptFlagVectorILj53ELh6EEENS1_24TimerInterruptMaskVectorILj110ELh6EEENS1_26PrescalerAndExtClockSourceELh0EE25clearChannelInterruptFlagILh0EEEvv
                0x0000000000003222       0x14 CMakeFiles/Neotronica.elf.dir/apps/Neotronica/main.cpp.o
                0x0000000000003222                void MCURDK::Arch::AtmelAVR::Timer<MCURDK::Arch::AtmelAVR::Timer8Model<(MCURDK::Arch::AtmelAVR::ModelType)0>, 68u, MCURDK::Arch::AtmelAVR::TimerInterruptFlagVector<53u, (unsigned char)6>, MCURDK::Arch::AtmelAVR::TimerInterruptMaskVector<110u, (unsigned char)6>, MCURDK::Arch::AtmelAVR::PrescalerAndExtClockSource, (unsigned char)0>::clearChannelInterruptFlag<(unsigned char)0>()
 .text._ZN6MCURDK4Arch8AtmelAVR5TimerINS1_11Timer8ModelILNS1_9ModelTypeE0EEELj68ENS1_24TimerInterruptFlagVectorILj53ELh6EEENS1_24TimerInterruptMaskVectorILj110ELh6EEENS1_26PrescalerAndExtClockSourceELh0EE25clearChannelInterruptFlagILh1EEEvv
                0x0000000000003236       0x14 CMakeFiles/Neotronica.elf.dir/apps/Neotronica/main.cpp.o
                0x0000000000003236                void MCURDK::Arch::AtmelAVR::Timer<MCURDK::Arch::AtmelAVR::Timer8Model<(MCURDK::Arch::AtmelAVR::ModelType)0>, 68u, MCURDK::Arch::AtmelAVR::TimerInterruptFlagVector<53u, (unsigned char)6>, MCURDK::Arch::AtmelAVR::TimerInterruptMaskVector<110u, (unsigned char)6>, MCURDK::Arch::AtmelAVR::PrescalerAndExtClockSource, (unsigned char)0>::clearChannelInterruptFlag<(unsigned char)1>()
 .text._ZN6MCURDK4Arch8AtmelAVR5TimerINS1_11Timer8ModelILNS1_9ModelTypeE0EEELj68ENS1_24TimerInterruptFlagVectorILj53ELh6EEENS1_24TimerInterruptMaskVectorILj110ELh6EEENS1_26PrescalerAndExtClockSourceELh0EE4modeILNS_6Periph9TimerModeE0EEEvv
                0x000000000000324a       0x14 CMakeFiles/Neotronica.elf.dir/apps/Neotronica/main.cpp.o
                0x000000000000324a                void MCURDK::Arch::AtmelAVR::Timer<MCURDK::Arch::AtmelAVR::Timer8Model<(MCURDK::Arch::AtmelAVR::ModelType)0>, 68u, MCURDK::Arch::AtmelAVR::TimerInterruptFlagVector<53u, (unsigned char)6>, MCURDK::Arch::AtmelAVR::TimerInterruptMaskVector<110u, (unsigned char)6>, MCURDK::Arch::AtmelAVR::PrescalerAndExtClockSource, (unsigned char)0>::mode<(MCURDK::Periph::TimerMode)0>()
 .text._ZN6MCURDK4Arch8AtmelAVR5TimerINS1_11Timer8ModelILNS1_9ModelTypeE0EEELj68ENS1_24TimerInterruptFlagVectorILj53ELh6EEENS1_24TimerInterruptMaskVectorILj110ELh6EEENS1_26PrescalerAndExtClockSourceELh0EE7counterEh
                0x000000000000325e       0x2e CMakeFiles/Neotronica.elf.dir/apps/Neotronica/main.cpp.o
                0x000000000000325e                MCURDK::Arch::AtmelAVR::Timer<MCURDK::Arch::AtmelAVR::Timer8Model<(MCURDK::Arch::AtmelAVR::ModelType)0>, 68u, MCURDK::Arch::AtmelAVR::TimerInterruptFlagVector<53u, (unsigned char)6>, MCURDK::Arch::AtmelAVR::TimerInterruptMaskVector<110u, (unsigned char)6>, MCURDK::Arch::AtmelAVR::PrescalerAndExtClockSource, (unsigned char)0>::counter(unsigned char)
 .text._ZN6MCURDK4Arch8AtmelAVR5TimerINS1_11Timer8ModelILNS1_9ModelTypeE0EEELj68ENS1_24TimerInterruptFlagVectorILj53ELh6EEENS1_24TimerInterruptMaskVectorILj110ELh6EEENS1_26PrescalerAndExtClockSourceELh0EE18outputCompareValueILh0EEEvh
                0x000000000000328c       0x30 CMakeFiles/Neotronica.elf.dir/apps/Neotronica/main.cpp.o
                0x000000000000328c                void MCURDK::Arch::AtmelAVR::Timer<MCURDK::Arch::AtmelAVR::Timer8Model<(MCURDK::Arch::AtmelAVR::ModelType)0>, 68u, MCURDK::Arch::AtmelAVR::TimerInterruptFlagVector<53u, (unsigned char)6>, MCURDK::Arch::AtmelAVR::TimerInterruptMaskVector<110u, (unsigned char)6>, MCURDK::Arch::AtmelAVR::PrescalerAndExtClockSource, (unsigned char)0>::outputCompareValue<(unsigned char)0>(unsigned char)
 .text._ZN6MCURDK4Arch8AtmelAVR5TimerINS1_11Timer8ModelILNS1_9ModelTypeE0EEELj68ENS1_24TimerInterruptFlagVectorILj53ELh6EEENS1_24TimerInterruptMaskVectorILj110ELh6EEENS1_26PrescalerAndExtClockSourceELh0EE18outputCompareValueILh1EEEvh
                0x00000000000032bc       0x30 CMakeFiles/Neotronica.elf.dir/apps/Neotronica/main.cpp.o
                0x00000000000032bc                void MCURDK::Arch::AtmelAVR::Timer<MCURDK::Arch::AtmelAVR::Timer8Model<(MCURDK::Arch::AtmelAVR::ModelType)0>, 68u, MCURDK::Arch::AtmelAVR::TimerInterruptFlagVector<53u, (unsigned char)6>, MCURDK::Arch::AtmelAVR::TimerInterruptMaskVector<110u, (unsigned char)6>, MCURDK::Arch::AtmelAVR::PrescalerAndExtClockSource, (unsigned char)0>::outputCompareValue<(unsigned char)1>(unsigned char)
 .text._ZN6MCURDK4Arch8AtmelAVR11Timer8ModelILNS1_9ModelTypeE0EE4modeINS1_5TimerIS4_Lj68ENS1_24TimerInterruptFlagVectorILj53ELh6EEENS1_24TimerInterruptMaskVectorILj110ELh6EEENS1_26PrescalerAndExtClockSourceELh0EEELNS_6Periph9TimerModeE1EEEvv
                0x00000000000032ec       0x68 CMakeFiles/Neotronica.elf.dir/apps/Neotronica/main.cpp.o
                0x00000000000032ec                void MCURDK::Arch::AtmelAVR::Timer8Model<(MCURDK::Arch::AtmelAVR::ModelType)0>::mode<MCURDK::Arch::AtmelAVR::Timer<MCURDK::Arch::AtmelAVR::Timer8Model<(MCURDK::Arch::AtmelAVR::ModelType)0>, 68u, MCURDK::Arch::AtmelAVR::TimerInterruptFlagVector<53u, (unsigned char)6>, MCURDK::Arch::AtmelAVR::TimerInterruptMaskVector<110u, (unsigned char)6>, MCURDK::Arch::AtmelAVR::PrescalerAndExtClockSource, (unsigned char)0>, (MCURDK::Periph::TimerMode)1>()
 .text._ZN6MCURDK5Utils13MemorySegmentIhLj68EEixEj
                0x0000000000003354       0x2a CMakeFiles/Neotronica.elf.dir/apps/Neotronica/main.cpp.o
                0x0000000000003354                MCURDK::Utils::MemorySegment<unsigned char, 68u>::operator[](unsigned int)
 .text._ZNK6MCURDK5Utils13MemorySegmentIhLj68EE15happyInspectionEv
                0x000000000000337e       0x1a CMakeFiles/Neotronica.elf.dir/apps/Neotronica/main.cpp.o
                0x000000000000337e                MCURDK::Utils::MemorySegment<unsigned char, 68u>::happyInspection() const
 .text._ZN6MCURDK4Arch8AtmelAVR24TimerInterruptMaskVectorILj110ELh6EE23enableOverflowInterruptILh0EEEvv
                0x0000000000003398       0x24 CMakeFiles/Neotronica.elf.dir/apps/Neotronica/main.cpp.o
                0x0000000000003398                void MCURDK::Arch::AtmelAVR::TimerInterruptMaskVector<110u, (unsigned char)6>::enableOverflowInterrupt<(unsigned char)0>()
 .text._ZN6MCURDK4GPIO3PinINS_4Arch8AtmelAVR4PortILj38EEELh1EE4modeILNS0_7PinModeE4EEEvv
                0x00000000000033bc       0x14 CMakeFiles/Neotronica.elf.dir/apps/Neotronica/main.cpp.o
                0x00000000000033bc                void MCURDK::GPIO::Pin<MCURDK::Arch::AtmelAVR::Port<38u>, (unsigned char)1>::mode<(MCURDK::GPIO::PinMode)4>()
 .text._ZN6MCURDK4GPIO3PinINS_4Arch8AtmelAVR4PortILj38EEELh1EE3lowEv
                0x00000000000033d0       0x14 CMakeFiles/Neotronica.elf.dir/apps/Neotronica/main.cpp.o
                0x00000000000033d0                MCURDK::GPIO::Pin<MCURDK::Arch::AtmelAVR::Port<38u>, (unsigned char)1>::low()
 .text._ZN6MCURDK4GPIO3PinINS_4Arch8AtmelAVR4PortILj38EEELh0EE4modeILNS0_7PinModeE1EEEvv
                0x00000000000033e4       0x14 CMakeFiles/Neotronica.elf.dir/apps/Neotronica/main.cpp.o
                0x00000000000033e4                void MCURDK::GPIO::Pin<MCURDK::Arch::AtmelAVR::Port<38u>, (unsigned char)0>::mode<(MCURDK::GPIO::PinMode)1>()
 .text._ZN6MCURDK4GPIO3PinINS_4Arch8AtmelAVR4PortILj41EEELh2EE4modeILNS0_7PinModeE1EEEvv
                0x00000000000033f8       0x14 CMakeFiles/Neotronica.elf.dir/apps/Neotronica/main.cpp.o
                0x00000000000033f8                void MCURDK::GPIO::Pin<MCURDK::Arch::AtmelAVR::Port<41u>, (unsigned char)2>::mode<(MCURDK::GPIO::PinMode)1>()
 .text._ZN6MCURDK4GPIO3PinINS_4Arch8AtmelAVR4PortILj41EEELh3EE4modeILNS0_7PinModeE1EEEvv
                0x000000000000340c       0x14 CMakeFiles/Neotronica.elf.dir/apps/Neotronica/main.cpp.o
                0x000000000000340c                void MCURDK::GPIO::Pin<MCURDK::Arch::AtmelAVR::Port<41u>, (unsigned char)3>::mode<(MCURDK::GPIO::PinMode)1>()
 .text._ZN6MCURDK4GPIO3PinINS_4Arch8AtmelAVR4PortILj41EEELh4EE4modeILNS0_7PinModeE1EEEvv
                0x0000000000003420       0x14 CMakeFiles/Neotronica.elf.dir/apps/Neotronica/main.cpp.o
                0x0000000000003420                void MCURDK::GPIO::Pin<MCURDK::Arch::AtmelAVR::Port<41u>, (unsigned char)4>::mode<(MCURDK::GPIO::PinMode)1>()
 .text._ZN6MCURDK4GPIO3PinINS_4Arch8AtmelAVR4PortILj41EEELh5EE4modeILNS0_7PinModeE1EEEvv
                0x0000000000003434       0x14 CMakeFiles/Neotronica.elf.dir/apps/Neotronica/main.cpp.o
                0x0000000000003434                void MCURDK::GPIO::Pin<MCURDK::Arch::AtmelAVR::Port<41u>, (unsigned char)5>::mode<(MCURDK::GPIO::PinMode)1>()
 .text._ZN6MCURDK4GPIO3PinINS_4Arch8AtmelAVR4PortILj41EEELh6EE4modeILNS0_7PinModeE1EEEvv
                0x0000000000003448       0x14 CMakeFiles/Neotronica.elf.dir/apps/Neotronica/main.cpp.o
                0x0000000000003448                void MCURDK::GPIO::Pin<MCURDK::Arch::AtmelAVR::Port<41u>, (unsigned char)6>::mode<(MCURDK::GPIO::PinMode)1>()
 .text._ZN6MCURDK4GPIO3PinINS_4Arch8AtmelAVR4PortILj41EEELh7EE4modeILNS0_7PinModeE1EEEvv
                0x000000000000345c       0x14 CMakeFiles/Neotronica.elf.dir/apps/Neotronica/main.cpp.o
                0x000000000000345c                void MCURDK::GPIO::Pin<MCURDK::Arch::AtmelAVR::Port<41u>, (unsigned char)7>::mode<(MCURDK::GPIO::PinMode)1>()
 .text._ZN6MCURDK4GPIO3PinINS_4Arch8AtmelAVR4PortILj35EEELh0EE4modeILNS0_7PinModeE1EEEvv
                0x0000000000003470       0x14 CMakeFiles/Neotronica.elf.dir/apps/Neotronica/main.cpp.o
                0x0000000000003470                void MCURDK::GPIO::Pin<MCURDK::Arch::AtmelAVR::Port<35u>, (unsigned char)0>::mode<(MCURDK::GPIO::PinMode)1>()
 .text._ZN6MCURDK4GPIO3PinINS_4Arch8AtmelAVR4PortILj35EEELh1EE4modeILNS0_7PinModeE1EEEvv
                0x0000000000003484       0x14 CMakeFiles/Neotronica.elf.dir/apps/Neotronica/main.cpp.o
                0x0000000000003484                void MCURDK::GPIO::Pin<MCURDK::Arch::AtmelAVR::Port<35u>, (unsigned char)1>::mode<(MCURDK::GPIO::PinMode)1>()
 .text._ZN6MCURDK4GPIO3PinINS_4Arch8AtmelAVR4PortILj38EEELh2EE4modeILNS0_7PinModeE0EEEvv
                0x0000000000003498       0x14 CMakeFiles/Neotronica.elf.dir/apps/Neotronica/main.cpp.o
                0x0000000000003498                void MCURDK::GPIO::Pin<MCURDK::Arch::AtmelAVR::Port<38u>, (unsigned char)2>::mode<(MCURDK::GPIO::PinMode)0>()
 .text._ZN6MCURDK4GPIO3PinINS_4Arch8AtmelAVR4PortILj35EEELh2EE4modeILNS0_7PinModeE4EEEvv
                0x00000000000034ac       0x16 CMakeFiles/Neotronica.elf.dir/apps/Neotronica/main.cpp.o
                0x00000000000034ac                void MCURDK::GPIO::Pin<MCURDK::Arch::AtmelAVR::Port<35u>, (unsigned char)2>::mode<(MCURDK::GPIO::PinMode)4>()
 .text._ZN6MCURDK4GPIO3PinINS_4Arch8AtmelAVR4PortILj35EEELh2EE4highEv
                0x00000000000034c2       0x16 CMakeFiles/Neotronica.elf.dir/apps/Neotronica/main.cpp.o
                0x00000000000034c2                MCURDK::GPIO::Pin<MCURDK::Arch::AtmelAVR::Port<35u>, (unsigned char)2>::high()
 .text._ZN6MCURDK4Arch8AtmelAVR15BaseHardwareSPIINS_4GPIO9PeriphPinINS3_3PinINS1_4PortILj35EEELh3EEENS3_6NoA2DCENS_3MCU20ATmega_48_88_168_328ILm16000000EE6PWMCfgILh0ENS1_9Timer8bitINS1_11Timer8ModelILNS1_9ModelTypeE0EEELj176ENS1_24TimerInterruptFlagVectorILj53ELh6EEENS1_24TimerInterruptMaskVectorILj110ELh6EEENS1_20PrescalerClockSourceELh2EEEEEEENS4_INS5_IS7_Lh4EEES9_NS3_5NoPWMEEENS4_INS5_IS7_Lh5EEES9_SR_EENS4_INS5_IS7_Lh2EEES9_NSD_ILh1ENS1_10Timer16bitINS1_12Timer16ModelILSG_0EEELj128ESJ_SL_NS1_26PrescalerAndExtClockSourceELh1EEEEEEEE5beginEv
                0x00000000000034d8       0x1c CMakeFiles/Neotronica.elf.dir/apps/Neotronica/main.cpp.o